Component: ARM Compiler 5.06 update 7 (build 960) Tool: armlink [4d3601]

==============================================================================

Section Cross References

    startup_stm32f407xx.o(STACK) refers (Special) to heapauxi.o(.text) for __use_two_region_memory
    startup_stm32f407xx.o(HEAP) refers (Special) to heapauxi.o(.text) for __use_two_region_memory
    startup_stm32f407xx.o(RESET) refers (Special) to heapauxi.o(.text) for __use_two_region_memory
    startup_stm32f407xx.o(RESET) refers to startup_stm32f407xx.o(STACK) for __initial_sp
    startup_stm32f407xx.o(RESET) refers to startup_stm32f407xx.o(.text) for Reset_Handler
    startup_stm32f407xx.o(RESET) refers to stm32f4xx_it.o(i.NMI_Handler) for NMI_Handler
    startup_stm32f407xx.o(RESET) refers to stm32f4xx_it.o(i.HardFault_Handler) for HardFault_Handler
    startup_stm32f407xx.o(RESET) refers to stm32f4xx_it.o(i.MemManage_Handler) for MemManage_Handler
    startup_stm32f407xx.o(RESET) refers to stm32f4xx_it.o(i.BusFault_Handler) for BusFault_Handler
    startup_stm32f407xx.o(RESET) refers to stm32f4xx_it.o(i.UsageFault_Handler) for UsageFault_Handler
    startup_stm32f407xx.o(RESET) refers to stm32f4xx_it.o(i.SVC_Handler) for SVC_Handler
    startup_stm32f407xx.o(RESET) refers to stm32f4xx_it.o(i.DebugMon_Handler) for DebugMon_Handler
    startup_stm32f407xx.o(RESET) refers to stm32f4xx_it.o(i.PendSV_Handler) for PendSV_Handler
    startup_stm32f407xx.o(RESET) refers to stm32f4xx_it.o(i.SysTick_Handler) for SysTick_Handler
    startup_stm32f407xx.o(RESET) refers to stm32f4xx_it.o(i.FLASH_IRQHandler) for FLASH_IRQHandler
    startup_stm32f407xx.o(RESET) refers to stm32f4xx_it.o(i.EXTI3_IRQHandler) for EXTI3_IRQHandler
    startup_stm32f407xx.o(RESET) refers to stm32f4xx_it.o(i.EXTI4_IRQHandler) for EXTI4_IRQHandler
    startup_stm32f407xx.o(RESET) refers to stm32f4xx_it.o(i.DMA1_Stream1_IRQHandler) for DMA1_Stream1_IRQHandler
    startup_stm32f407xx.o(RESET) refers to stm32f4xx_it.o(i.DMA1_Stream2_IRQHandler) for DMA1_Stream2_IRQHandler
    startup_stm32f407xx.o(RESET) refers to stm32f4xx_it.o(i.DMA1_Stream3_IRQHandler) for DMA1_Stream3_IRQHandler
    startup_stm32f407xx.o(RESET) refers to stm32f4xx_it.o(i.DMA1_Stream4_IRQHandler) for DMA1_Stream4_IRQHandler
    startup_stm32f407xx.o(RESET) refers to stm32f4xx_it.o(i.CAN1_RX0_IRQHandler) for CAN1_RX0_IRQHandler
    startup_stm32f407xx.o(RESET) refers to stm32f4xx_it.o(i.EXTI9_5_IRQHandler) for EXTI9_5_IRQHandler
    startup_stm32f407xx.o(RESET) refers to stm32f4xx_it.o(i.TIM4_IRQHandler) for TIM4_IRQHandler
    startup_stm32f407xx.o(RESET) refers to stm32f4xx_it.o(i.I2C2_EV_IRQHandler) for I2C2_EV_IRQHandler
    startup_stm32f407xx.o(RESET) refers to stm32f4xx_it.o(i.I2C2_ER_IRQHandler) for I2C2_ER_IRQHandler
    startup_stm32f407xx.o(RESET) refers to stm32f4xx_it.o(i.SPI1_IRQHandler) for SPI1_IRQHandler
    startup_stm32f407xx.o(RESET) refers to stm32f4xx_it.o(i.SPI2_IRQHandler) for SPI2_IRQHandler
    startup_stm32f407xx.o(RESET) refers to stm32f4xx_it.o(i.USART1_IRQHandler) for USART1_IRQHandler
    startup_stm32f407xx.o(RESET) refers to stm32f4xx_it.o(i.USART3_IRQHandler) for USART3_IRQHandler
    startup_stm32f407xx.o(RESET) refers to stm32f4xx_it.o(i.TIM8_TRG_COM_TIM14_IRQHandler) for TIM8_TRG_COM_TIM14_IRQHandler
    startup_stm32f407xx.o(RESET) refers to stm32f4xx_it.o(i.DMA1_Stream7_IRQHandler) for DMA1_Stream7_IRQHandler
    startup_stm32f407xx.o(RESET) refers to stm32f4xx_it.o(i.TIM6_DAC_IRQHandler) for TIM6_DAC_IRQHandler
    startup_stm32f407xx.o(RESET) refers to stm32f4xx_it.o(i.TIM7_IRQHandler) for TIM7_IRQHandler
    startup_stm32f407xx.o(RESET) refers to stm32f4xx_it.o(i.DMA2_Stream0_IRQHandler) for DMA2_Stream0_IRQHandler
    startup_stm32f407xx.o(RESET) refers to stm32f4xx_it.o(i.DMA2_Stream2_IRQHandler) for DMA2_Stream2_IRQHandler
    startup_stm32f407xx.o(RESET) refers to stm32f4xx_it.o(i.DMA2_Stream3_IRQHandler) for DMA2_Stream3_IRQHandler
    startup_stm32f407xx.o(RESET) refers to stm32f4xx_it.o(i.DMA2_Stream4_IRQHandler) for DMA2_Stream4_IRQHandler
    startup_stm32f407xx.o(RESET) refers to stm32f4xx_it.o(i.CAN2_RX0_IRQHandler) for CAN2_RX0_IRQHandler
    startup_stm32f407xx.o(RESET) refers to stm32f4xx_it.o(i.OTG_FS_IRQHandler) for OTG_FS_IRQHandler
    startup_stm32f407xx.o(RESET) refers to stm32f4xx_it.o(i.DMA2_Stream5_IRQHandler) for DMA2_Stream5_IRQHandler
    startup_stm32f407xx.o(RESET) refers to stm32f4xx_it.o(i.DMA2_Stream6_IRQHandler) for DMA2_Stream6_IRQHandler
    startup_stm32f407xx.o(RESET) refers to stm32f4xx_it.o(i.DMA2_Stream7_IRQHandler) for DMA2_Stream7_IRQHandler
    startup_stm32f407xx.o(RESET) refers to stm32f4xx_it.o(i.USART6_IRQHandler) for USART6_IRQHandler
    startup_stm32f407xx.o(RESET) refers to stm32f4xx_it.o(i.I2C3_EV_IRQHandler) for I2C3_EV_IRQHandler
    startup_stm32f407xx.o(RESET) refers to stm32f4xx_it.o(i.I2C3_ER_IRQHandler) for I2C3_ER_IRQHandler
[...]
    _dsqrt                                   0x0800fd75   Thumb Code   404  dsqrt_umaal.o(x$fpl$dsqrt)
    __aeabi_dsub                             0x0800ff0d   Thumb Code     0  daddsub_clz.o(x$fpl$dsub)
    _dsub                                    0x0800ff0d   Thumb Code   464  daddsub_clz.o(x$fpl$dsub)
    __aeabi_f2d                              0x080100e1   Thumb Code     0  f2d.o(x$fpl$f2d)
    _f2d                                     0x080100e1   Thumb Code    86  f2d.o(x$fpl$f2d)
    __fpl_fnaninf                            0x08010137   Thumb Code   140  fnaninf.o(x$fpl$fnaninf)
    _fp_init                                 0x080101c3   Thumb Code    10  fpinit.o(x$fpl$fpinit)
    __fplib_config_fpu_vfp                   0x080101cb   Thumb Code     0  fpinit.o(x$fpl$fpinit)
    __fplib_config_pureend_doubles           0x080101cb   Thumb Code     0  fpinit.o(x$fpl$fpinit)
    __fpl_fretinf                            0x080101cd   Thumb Code    10  fretinf.o(x$fpl$fretinf)
    __fpl_return_NaN                         0x080101d7   Thumb Code   100  retnan.o(x$fpl$retnan)
    __ARM_scalbn                             0x0801023b   Thumb Code    92  scalbn.o(x$fpl$scalbn)
    __fpl_cmpreturn                          0x08010297   Thumb Code    48  trapv.o(x$fpl$trapveneer)
    __I$use$fp                               0x080102c6   Number         0  usenofp.o(x$fpl$usenofp)
    AHBPrescTable                            0x080102ce   Data          16  system_stm32f4xx.o(.constdata)
    APBPrescTable                            0x080102de   Data           8  system_stm32f4xx.o(.constdata)
    dji_motor_control_max                    0x080102e6   Data           8  dji_motor.o(.constdata)
    __mathlib_zero                           0x080103d0   Data           8  qnan.o(.constdata)
    Region$$Table$$Base                      0x0801041c   Number         0  anon$$obj.o(Region$$Table)
    Region$$Table$$Limit                     0x0801043c   Number         0  anon$$obj.o(Region$$Table)
    hcrc                                     0x20000004   Data           8  crc.o(.data)
    FS_Desc                                  0x2000000c   Data          28  usbd_desc.o(.data)
    USBD_LangIDDesc                          0x20000028   Data           4  usbd_desc.o(.data)
    USBD_FS_DeviceDesc                       0x2000002c   Data          18  usbd_desc.o(.data)
    USBD_StringSerial                        0x20000040   Data          26  usbd_desc.o(.data)
    USBD_Interface_fops_FS                   0x2000005c   Data          20  usbd_cdc_if.o(.data)
    uwTickFreq                               0x20000070   Data           1  stm32f4xx_hal.o(.data)
    uwTickPrio                               0x20000074   Data           4  stm32f4xx_hal.o(.data)
    uwTick                                   0x20000078   Data           4  stm32f4xx_hal.o(.data)
    SystemCoreClock                          0x2000007c   Data           4  system_stm32f4xx.o(.data)
    USBD_CDC                                 0x200000d8   Data          56  usbd_cdc.o(.data)
    can_handle_root                          0x20000110   Data           4  can_if.o(.data)
    data                                     0x20000114   Data           8  can_if.o(.data)
    button_root                              0x2000011c   Data           4  button.o(.data)
    buzzer_list                              0x20000120   Data           4  buzzer.o(.data)
    BMI088_ACCEL_SEN                         0x2000012c   Data           4  bmi088driver.o(.data)
    BMI088_GYRO_SEN                          0x20000130   Data           4  bmi088driver.o(.data)
    soft_timer                               0x20000164   Data           4  timer.o(.data)
    critical_section_count                   0x20000168   Data           1  seml_common.o(.data)
    math_errno                               0x20000169   Data           1  math_common.o(.data)
    g_norm                                   0x2000016c   Data           4  ahrs.o(.data)
    integralFBx                              0x20000170   Data           4  mahony.o(.data)
    integralFBy                              0x20000174   Data           4  mahony.o(.data)
    integralFBz                              0x20000178   Data           4  mahony.o(.data)
    robo_control_flag                        0x20000182   Data           2  robo_common.o(.data)
    timer_500ms                              0x200001d8   Data          24  main.o(.bss)
    timer_init                               0x200001f0   Data          24  main.o(.bss)
    BMI088                                   0x20000208   Data          36  main.o(.bss)
    buzzer                                   0x2000022c   Data         368  main.o(.bss)
    hadc1                                    0x2000039c   Data          72  adc.o(.bss)
    hdma_adc1                                0x200003e4   Data          96  adc.o(.bss)
    hcan1                                    0x20000444   Data         100  can.o(.bss)
    hcan2                                    0x200004a8   Data         100  can.o(.bss)
    hdac                                     0x2000050c   Data          20  dac.o(.bss)
    hi2c2                                    0x20000520   Data          84  i2c.o(.bss)
    hi2c3                                    0x20000574   Data          84  i2c.o(.bss)
    hdma_i2c2_rx                             0x200005c8   Data          96  i2c.o(.bss)
    hdma_i2c2_tx                             0x20000628   Data          96  i2c.o(.bss)
    hrng                                     0x20000688   Data          16  rng.o(.bss)
    hrtc                                     0x20000698   Data          32  rtc.o(.bss)
    hspi1                                    0x200006b8   Data          88  spi.o(.bss)
    hspi2                                    0x20000710   Data          88  spi.o(.bss)
    hdma_spi1_rx                             0x20000768   Data          96  spi.o(.bss)
    hdma_spi1_tx                             0x200007c8   Data          96  spi.o(.bss)
    hdma_spi2_rx                             0x20000828   Data          96  spi.o(.bss)
    hdma_spi2_tx                             0x20000888   Data          96  spi.o(.bss)
    htim1                                    0x200008e8   Data         180  tim.o(.bss)
    htim4                                    0x2000099c   Data         180  tim.o(.bss)
    htim5                                    0x20000a50   Data         180  tim.o(.bss)
    htim6                                    0x20000b04   Data         180  tim.o(.bss)
    htim7                                    0x20000bb8   Data         180  tim.o(.bss)
    htim8                                    0x20000c6c   Data         180  tim.o(.bss)
    htim10                                   0x20000d20   Data         180  tim.o(.bss)
    huart1                                   0x20000dd4   Data         116  usart.o(.bss)
    huart3                                   0x20000e48   Data         116  usart.o(.bss)
    huart6                                   0x20000ebc   Data         116  usart.o(.bss)
    hdma_usart1_tx                           0x20000f30   Data          96  usart.o(.bss)
    hdma_usart1_rx                           0x20000f90   Data          96  usart.o(.bss)
    hdma_usart3_rx                           0x20000ff0   Data          96  usart.o(.bss)
    hdma_usart6_rx                           0x20001050   Data          96  usart.o(.bss)
    hdma_usart6_tx                           0x200010b0   Data          96  usart.o(.bss)
    hUsbDeviceFS                             0x20001110   Data         732  usb_device.o(.bss)
    hpcd_USB_OTG_FS                          0x2000160c   Data        1292  usbd_conf.o(.bss)
    USBD_StrDesc                             0x20001b18   Data         512  usbd_desc.o(.bss)
    UserRxBufferFS                           0x20001d18   Data        2048  usbd_cdc_if.o(.bss)
    UserTxBufferFS                           0x20002518   Data        2048  usbd_cdc_if.o(.bss)
    pFlash                                   0x20002d18   Data          32  stm32f4xx_hal_flash.o(.bss)
    event_os                                 0x20002d38   Data          32  event_os.o(.bss)
    gimbal                                   0x20002e24   Data         404  robo_gimbal.o(.bss)
    robo_message                             0x20003594   Data          36  robo_common.o(.bss)
    can1                                     0x200035b8   Data         120  robo_common.o(.bss)
    can2                                     0x20003630   Data         120  robo_common.o(.bss)
    AHRS                                     0x200036a8   Data         120  robo_common.o(.bss)
    robo_middleware                          0x20003720   Data        2008  robo_common.o(.bss)
    __libspace_start                         0x20003ef8   Data          96  libspace.o(.bss)
    __temporary_stack_top$libspace           0x20003f58   Data           0  libspace.o(.bss)



==============================================================================

Memory Map of the image

  Image Entry point : 0x08000189

  Load Region LR_IROM1 (Base: 0x08000000, Size: 0x000105c0, Max: 0x00100000, ABSOLUTE, COMPRESSED[0x00010528])

    Execution Region ER_IROM1 (Exec base: 0x08000000, Load base: 0x08000000, Size: 0x0001043c, Max: 0x00100000, ABSOLUTE)

    Exec Addr    Load Addr    Size         Type   Attr      Idx    E Section Name        Object

    0x08000000   0x08000000   0x00000188   Data   RO            3    RESET               startup_stm32f407xx.o
    0x08000188   0x08000188   0x00000008   Code   RO         9468  * !!!main             c_w.l(__main.o)
    0x08000190   0x08000190   0x00000034   Code   RO         9856    !!!scatter          c_w.l(__scatter.o)
    0x080001c4   0x080001c4   0x0000005a   Code   RO         9854    !!dczerorl2         c_w.l(__dczerorl2.o)
    0x0800021e   0x0800021e   0x00000002   PAD
    0x08000220   0x08000220   0x0000001c   Code   RO         9858    !!handler_zi        c_w.l(__scatter_zi.o)
    0x0800023c   0x0800023c   0x00000002   Code   RO         9778    .ARM.Collect$$libinit$$00000000  c_w.l(libinit.o)
    0x0800023e   0x0800023e   0x00000004   Code   RO         9702    .ARM.Collect$$libinit$$00000001  c_w.l(libinit2.o)
    0x08000242   0x08000242   0x00000000   Code   RO         9705    .ARM.Collect$$libinit$$00000004  c_w.l(libinit2.o)
    0x08000242   0x08000242   0x00000008   Code   RO         9706    .ARM.Collect$$libinit$$00000005  c_w.l(libinit2.o)
    0x0800024a   0x0800024a   0x00000000   Code   RO         9708    .ARM.Collect$$libinit$$0000000A  c_w.l(libinit2.o)
    0x0800024a   0x0800024a   0x00000000   Code   RO         9710    .ARM.Collect$$libinit$$0000000C  c_w.l(libinit2.o)
    0x0800024a   0x0800024a   0x00000000   Code   RO         9712    .ARM.Collect$$libinit$$0000000E  c_w.l(libinit2.o)
    0x0800024a   0x0800024a   0x00000000   Code   RO         9715    .ARM.Collect$$libinit$$00000011  c_w.l(libinit2.o)
    0x0800024a   0x0800024a   0x00000000   Code   RO         9717    .ARM.Collect$$libinit$$00000013  c_w.l(libinit2.o)
    0x0800024a   0x0800024a   0x00000000   Code   RO         9719    .ARM.Collect$$libinit$$00000015  c_w.l(libinit2.o)
    0x0800024a   0x0800024a   0x00000000   Code   RO         9721    .ARM.Collect$$libinit$$00000017  c_w.l(libinit2.o)
    0x0800024a   0x0800024a   0x00000000   Code   RO         9723    .ARM.Collect$$libinit$$00000019  c_w.l(libinit2.o)
    0x0800024a   0x0800024a   0x00000000   Code   RO         9725    .ARM.Collect$$libinit$$0000001B  c_w.l(libinit2.o)
    0x0800024a   0x0800024a   0x00000000   Code   RO         9727    .ARM.Collect$$libinit$$0000001D  c_w.l(libinit2.o)
    0x0800024a   0x0800024a   0x00000000   Code   RO         9729    .ARM.Collect$$libinit$$0000001F  c_w.l(libinit2.o)
    0x0800024a   0x0800024a   0x00000000   Code   RO         9731    .ARM.Collect$$libinit$$00000021  c_w.l(libinit2.o)
    0x0800024a   0x0800024a   0x00000000   Code   RO         9733    .ARM.Collect$$libinit$$00000023  c_w.l(libinit2.o)
    0x0800024a   0x0800024a   0x00000000   Code   RO         9735    .ARM.Collect$$libinit$$00000025  c_w.l(libinit2.o)
    0x0800024a   0x0800024a   0x00000000   Code   RO         9739    .ARM.Collect$$libinit$$0000002C  c_w.l(libinit2.o)
    0x0800024a   0x0800024a   0x00000000   Code   RO         9741    .ARM.Collect$$libinit$$0000002E  c_w.l(libinit2.o)
    0x0800024a   0x0800024a   0x00000000   Code   RO         9743    .ARM.Collect$$libinit$$00000030  c_w.l(libinit2.o)
    0x0800024a   0x0800024a   0x00000000   Code   RO         9745    .ARM.Collect$$libinit$$00000032  c_w.l(libinit2.o)
    0x0800024a   0x0800024a   0x00000002   Code   RO         9746    .ARM.Collect$$libinit$$00000033  c_w.l(libinit2.o)
    0x0800024c   0x0800024c   0x00000002   Code   RO         9851    .ARM.Collect$$libshutdown$$00000000  c_w.l(libshutdown.o)
    0x0800024e   0x0800024e   0x00000000   Code   RO         9805    .ARM.Collect$$libshutdown$$00000002  c_w.l(libshutdown2.o)
    0x0800024e   0x0800024e   0x00000000   Code   RO         9807    .ARM.Collect$$libshutdown$$00000004  c_w.l(libshutdown2.o)
    0x0800024e   0x0800024e   0x00000000   Code   RO         9809    .ARM.Collect$$libshutdown$$00000006  c_w.l(libshutdown2.o)
    0x0800024e   0x0800024e   0x00000000   Code   RO         9812    .ARM.Collect$$libshutdown$$00000009  c_w.l(libshutdown2.o)
    0x0800024e   0x0800024e   0x00000000   Code   RO         9815    .ARM.Collect$$libshutdown$$0000000C  c_w.l(libshutdown2.o)
    0x0800024e   0x0800024e   0x00000000   Code   RO         9817    .ARM.Collect$$libshutdown$$0000000E  c_w.l(libshutdown2.o)
    0x0800024e   0x0800024e   0x00000000   Code   RO         9820    .ARM.Collect$$libshutdown$$00000011  c_w.l(libshutdown2.o)
    0x0800024e   0x0800024e   0x00000002   Code   RO         9821    .ARM.Collect$$libshutdown$$00000012  c_w.l(libshutdown2.o)
    0x08000250   0x08000250   0x00000000   Code   RO         9538    .ARM.Collect$$rtentry$$00000000  c_w.l(__rtentry.o)
    0x08000250   0x08000250   0x00000000   Code   RO         9662    .ARM.Collect$$rtentry$$00000002  c_w.l(__rtentry2.o)
    0x08000250   0x08000250   0x00000006   Code   RO         9674    .ARM.Collect$$rtentry$$00000004  c_w.l(__rtentry4.o)
    0x08000256   0x08000256   0x00000000   Code   RO         9664    .ARM.Collect$$rtentry$$00000009  c_w.l(__rtentry2.o)
    0x08000256   0x08000256   0x00000004   Code   RO         9665    .ARM.Collect$$rtentry$$0000000A  c_w.l(__rtentry2.o)
    0x0800025a   0x0800025a   0x00000000   Code   RO         9667    .ARM.Collect$$rtentry$$0000000C  c_w.l(__rtentry2.o)
    0x0800025a   0x0800025a   0x00000008   Code   RO         9668    .ARM.Collect$$rtentry$$0000000D  c_w.l(__rtentry2.o)
    0x08000262   0x08000262   0x00000002   Code   RO         9788    .ARM.Collect$$rtexit$$00000000  c_w.l(rtexit.o)
    0x08000264   0x08000264   0x00000000   Code   RO         9827    .ARM.Collect$$rtexit$$00000002  c_w.l(rtexit2.o)
    0x08000264   0x08000264   0x00000004   Code   RO         9828    .ARM.Collect$$rtexit$$00000003  c_w.l(rtexit2.o)
    0x08000268   0x08000268   0x00000006   Code   RO         9829    .ARM.Collect$$rtexit$$00000004  c_w.l(rtexit2.o)
    0x0800026e   0x0800026e   0x00000002   PAD
    0x08000270   0x08000270   0x00000000   Code   RO         9683    .emb_text           c_w.l(maybetermalloc1.o)
    0x08000270   0x08000270   0x00000040   Code   RO            4    .text               startup_stm32f407xx.o
    0x080002b0   0x080002b0   0x00000028   Code   RO         9398    .text               c_w.l(calloc.o)
    0x080002d8   0x080002d8   0x0000004e   Code   RO         9400    .text               c_w.l(h1_free.o)
    0x08000326   0x08000326   0x000000b8   Code   RO         9402    .text               c_w.l(h1_realloc.o)
    0x080003de   0x080003de   0x000000ee   Code   RO         9458    .text               c_w.l(lludivv7m.o)
    0x080004cc   0x080004cc   0x0000008a   Code   RO         9460    .text               c_w.l(rt_memcpy_v6.o)
    0x08000556   0x08000556   0x00000064   Code   RO         9462    .text               c_w.l(rt_memcpy_w.o)
    0x080005ba   0x080005ba   0x0000004e   Code   RO         9464    .text               c_w.l(rt_memclr_w.o)
    0x08000608   0x08000608   0x00000006   Code   RO         9466    .text               c_w.l(heapauxi.o)
    0x0800060e   0x0800060e   0x00000002   PAD
    0x08000610   0x08000610   0x00000008   Code   RO         9546    .text               c_w.l(rt_heap_descriptor_intlibspace.o)
    0x08000618   0x08000618   0x00000004   Code   RO         9548    .text               c_w.l(hguard.o)
    0x0800061c   0x0800061c   0x0000008a   Code   RO         9550    .text               c_w.l(init_alloc.o)
    0x080006a6   0x080006a6   0x0000005e   Code   RO         9556    .text               c_w.l(h1_alloc.o)
    0x08000704   0x08000704   0x00000016   Code   RO         9570    .text               c_w.l(_rserrno.o)
    0x0800071a   0x0800071a   0x00000044   Code   RO         9572    .text               c_w.l(rt_memclr.o)
    0x0800075e   0x0800075e   0x00000002   PAD
    0x08000760   0x08000760   0x00000008   Code   RO         9658    .text               c_w.l(libspace.o)
    0x08000768   0x08000768   0x00000008   Code   RO         9681    .text               c_w.l(rt_errno_addr_intlibspace.o)
    0x08000770   0x08000770   0x0000000e   Code   RO         9685    .text               c_w.l(h1_init.o)
    0x0800077e   0x0800077e   0x00000034   Code   RO         9687    .text               c_w.l(h1_extend.o)
    0x080007b2   0x080007b2   0x0000000e   Code   RO         9693    .text               c_w.l(defsig_rtmem_outer.o)
    0x080007c0   0x080007c0   0x0000004a   Code   RO         9753    .text               c_w.l(sys_stackheap_outer.o)
    0x0800080a   0x0800080a   0x00000012   Code   RO         9761    .text               c_w.l(exit.o)
    0x0800081c   0x0800081c   0x0000000a   Code   RO         9763    .text               c_w.l(defsig_exit.o)
    0x08000826   0x08000826   0x00000002   PAD
    0x08000828   0x08000828   0x00000050   Code   RO         9769    .text               c_w.l(defsig_rtmem_inner.o)
    0x08000878   0x08000878   0x0000000c   Code   RO         9783    .text               c_w.l(sys_exit.o)
    0x08000884   0x08000884   0x00000002   Code   RO         9785    .text               c_w.l(use_no_semi.o)
    0x08000886   0x08000886   0x00000000   Code   RO         9787    .text               c_w.l(indicate_semi.o)
    0x08000886   0x08000886   0x00000032   Code   RO         9796    .text               c_w.l(defsig_general.o)
    0x080008b8   0x080008b8   0x0000000e   Code   RO         9824    .text               c_w.l(sys_wrch.o)
    0x080008c6   0x080008c6   0x00000002   PAD
    0x080008c8   0x080008c8   0x00000424   Code   RO         8425    ccmram              math_common.o
    0x08000cec   0x08000cec   0x00000002   Code   RO         9203    i.AA_Init           robo_aa.o
    0x08000cee   0x08000cee   0x00000002   Code   RO         9204    i.AA_Task           robo_aa.o
    0x08000cf0   0x08000cf0   0x00000178   Code   RO         3393    i.ADC_Init          stm32f4xx_hal_adc.o
    0x08000e68   0x08000e68   0x000000a8   Code   RO         8980    i.AHRS_Get_Angle    ahrs.o
    0x08000f10   0x08000f10   0x00000084   Code   RO         8981    i.AHRS_Init         ahrs.o
    0x08000f94   0x08000f94   0x0000010c   Code   RO         8982    i.AHRS_Update       ahrs.o
    0x080010a0   0x080010a0   0x000000d4   Code   RO         8148    i.Add_message_Pack  message.o
    0x08001174   0x08001174   0x00000170   Code   RO         7831    i.BMI088_Accel_Init  bmi088driver.o
    0x080012e4   0x080012e4   0x0000012c   Code   RO         7832    i.BMI088_Gyro_Init  bmi088driver.o
    0x08001410   0x08001410   0x00000014   Code   RO         7833    i.BMI088_Init       bmi088driver.o
    0x08001424   0x08001424   0x00000168   Code   RO         7834    i.BMI088_Read       bmi088driver.o
    0x0800158c   0x0800158c   0x00000028   Code   RO         7835    i.BMI088_read_muli_reg  bmi088driver.o
    0x080015b4   0x080015b4   0x0000001a   Code   RO         7836    i.BMI088_read_single_reg  bmi088driver.o
    0x080015ce   0x080015ce   0x0000001c   Code   RO         7837    i.BMI088_read_write_byte  bmi088driver.o
    0x080015ea   0x080015ea   0x00000016   Code   RO         7838    i.BMI088_write_single_reg  bmi088driver.o
    0x08001600   0x08001600   0x00000158   Code   RO         8765    i.Basic_PID_Controller  pid.o
    0x08001758   0x08001758   0x000000c6   Code   RO         8983    i.BodyFrameToEarthFrame  ahrs.o
    0x0800181e   0x0800181e   0x00000002   Code   RO         1305    i.BusFault_Handler  stm32f4xx_it.o
    0x08001820   0x08001820   0x000001ac   Code   RO         7638    i.Button_Handle     button.o
    0x080019cc   0x080019cc   0x0000001c   Code   RO         7641    i.Button_Scan       button.o
    0x080019e8   0x080019e8   0x00000028   Code   RO         7686    i.Buzzer_Add_Task   buzzer.o
    0x08001a10   0x08001a10   0x00000028   Code   RO         7687    i.Buzzer_Callback   buzzer.o
    0x08001a38   0x08001a38   0x00000074   Code   RO         7688    i.Buzzer_Handle     buzzer.o
    0x08001aac   0x08001aac   0x0000006c   Code   RO         7689    i.Buzzer_Init       buzzer.o
    0x08001b18   0x08001b18   0x00000066   Code   RO         7692    i.Buzzer_Task_B_B_B  buzzer.o
    0x08001b7e   0x08001b7e   0x00000002   PAD
    0x08001b80   0x08001b80   0x0000000c   Code   RO         1306    i.CAN1_RX0_IRQHandler  stm32f4xx_it.o
    0x08001b8c   0x08001b8c   0x0000000c   Code   RO         1307    i.CAN2_RX0_IRQHandler  stm32f4xx_it.o
    0x08001b98   0x08001b98   0x00000004   Code   RO         1252    i.CDC_Control_FS    usbd_cdc_if.o
    0x08001b9c   0x08001b9c   0x00000004   Code   RO         1253    i.CDC_DeInit_FS     usbd_cdc_if.o
    0x08001ba0   0x08001ba0   0x00000024   Code   RO         1254    i.CDC_Init_FS       usbd_cdc_if.o
    0x08001bc4   0x08001bc4   0x00000018   Code   RO         1255    i.CDC_Receive_FS    usbd_cdc_if.o
    0x08001bdc   0x08001bdc   0x00000098   Code   RO         9335    i.DJI_Motor_Init    dji_motor.o
    0x08001c74   0x08001c74   0x00000002   Code   RO         9337    i.DJI_Motor_Send    dji_motor.o
    0x08001c76   0x08001c76   0x00000002   PAD
    0x08001c78   0x08001c78   0x00000024   Code   RO         9339    i.DJI_Motor_Timeout_Callback  dji_motor.o
    0x08001c9c   0x08001c9c   0x0000000c   Code   RO         1308    i.DMA1_Stream1_IRQHandler  stm32f4xx_it.o
    0x08001ca8   0x08001ca8   0x0000000c   Code   RO         1309    i.DMA1_Stream2_IRQHandler  stm32f4xx_it.o
    0x08001cb4   0x08001cb4   0x0000000c   Code   RO         1310    i.DMA1_Stream3_IRQHandler  stm32f4xx_it.o
    0x08001cc0   0x08001cc0   0x0000000c   Code   RO         1311    i.DMA1_Stream4_IRQHandler  stm32f4xx_it.o
    0x08001ccc   0x08001ccc   0x0000000c   Code   RO         1312    i.DMA1_Stream7_IRQHandler  stm32f4xx_it.o
    0x08001cd8   0x08001cd8   0x0000000c   Code   RO         1313    i.DMA2_Stream0_IRQHandler  stm32f4xx_it.o
    0x08001ce4   0x08001ce4   0x0000000c   Code   RO         1314    i.DMA2_Stream2_IRQHandler  stm32f4xx_it.o
    0x08001cf0   0x08001cf0   0x0000000c   Code   RO         1315    i.DMA2_Stream3_IRQHandler  stm32f4xx_it.o
    0x08001cfc   0x08001cfc   0x0000000c   Code   RO         1316    i.DMA2_Stream4_IRQHandler  stm32f4xx_it.o
    0x08001d08   0x08001d08   0x0000000c   Code   RO         1317    i.DMA2_Stream5_IRQHandler  stm32f4xx_it.o
    0x08001d14   0x08001d14   0x0000000c   Code   RO         1318    i.DMA2_Stream6_IRQHandler  stm32f4xx_it.o
    0x08001d20   0x08001d20   0x0000000c   Code   RO         1319    i.DMA2_Stream7_IRQHandler  stm32f4xx_it.o
    0x08001d2c   0x08001d2c   0x00000028   Code   RO         2717    i.DMA_CalcBaseAndBitshift  stm32f4xx_hal_dma.o
    0x08001d54   0x08001d54   0x00000054   Code   RO         2718    i.DMA_CheckFifoParam  stm32f4xx_hal_dma.o
    0x08001da8   0x08001da8   0x000000a0   Code   RO         8831    i.DeQueue           queue.o
    0x08001e48   0x08001e48   0x00000002   Code   RO         1320    i.DebugMon_Handler  stm32f4xx_it.o
    0x08001e4a   0x08001e4a   0x00000006   Code   RO         1321    i.EXTI3_IRQHandler  stm32f4xx_it.o
    0x08001e50   0x08001e50   0x00000006   Code   RO         1322    i.EXTI4_IRQHandler  stm32f4xx_it.o
    0x08001e56   0x08001e56   0x00000006   Code   RO         1323    i.EXTI9_5_IRQHandler  stm32f4xx_it.o
    0x08001e5c   0x08001e5c   0x000000f4   Code   RO         8834    i.EnQueue           queue.o
    0x08001f50   0x08001f50   0x00000004   Code   RO           13    i.Error_Handler     main.o
    0x08001f54   0x08001f54   0x00000080   Code   RO         8054    i.Event_OS_Calibration_CPU_Utilization  event_os.o
    0x08001fd4   0x08001fd4   0x00000014   Code   RO         8055    i.Event_OS_Callback  event_os.o
    0x08001fe8   0x08001fe8   0x00000118   Code   RO         8057    i.Event_OS_Run      event_os.o
    0x08002100   0x08002100   0x0000008c   Code   RO         8058    i.Event_OS_Task_Logout  event_os.o
    0x0800218c   0x0800218c   0x00000058   Code   RO         8059    i.Event_OS_Task_Loop  event_os.o
    0x080021e4   0x080021e4   0x00000084   Code   RO         8061    i.Event_OS_Task_Register  event_os.o
    0x08002268   0x08002268   0x00000054   Code   RO         8062    i.Event_OS_Task_Start  event_os.o
    0x080022bc   0x080022bc   0x000000dc   Code   RO         2517    i.FLASH_Erase_Sector  stm32f4xx_hal_flash_ex.o
    0x08002398   0x08002398   0x00000054   Code   RO         2518    i.FLASH_FlushCaches  stm32f4xx_hal_flash_ex.o
    0x080023ec   0x080023ec   0x00000004   Code   RO         1324    i.FLASH_IRQHandler  stm32f4xx_it.o
    0x080023f0   0x080023f0   0x00000068   Code   RO         2403    i.FLASH_SetErrorCode  stm32f4xx_hal_flash.o
    0x08002458   0x08002458   0x000000cc   Code   RO         9149    i.Get_Topic_ID      robo_common.o
    0x08002524   0x08002524   0x0000002c   Code   RO         8320    i.Get_message_ID_Cmd  message.o
    0x08002550   0x08002550   0x00000038   Code   RO         8326    i.Get_message_ID_Data  message.o
    0x08002588   0x08002588   0x00000188   Code   RO         9093    i.Gimbal_Init       robo_gimbal.o
    0x08002710   0x08002710   0x00000194   Code   RO         9094    i.Gimbal_Task       robo_gimbal.o
    0x080028a4   0x080028a4   0x000001d4   Code   RO         3395    i.HAL_ADC_ConfigChannel  stm32f4xx_hal_adc.o
    0x08002a78   0x08002a78   0x00000220   Code   RO         3404    i.HAL_ADC_Init      stm32f4xx_hal_adc.o
    0x08002c98   0x08002c98   0x00000060   Code   RO          395    i.HAL_ADC_MspInit   adc.o
    0x08002cf8   0x08002cf8   0x00000078   Code   RO         3669    i.HAL_CAN_ActivateNotification  stm32f4xx_hal_can.o
    0x08002d70   0x08002d70   0x000001f4   Code   RO         3671    i.HAL_CAN_ConfigFilter  stm32f4xx_hal_can.o
    0x08002f64   0x08002f64   0x00000002   Code   RO         3674    i.HAL_CAN_ErrorCallback  stm32f4xx_hal_can.o
    0x08002f66   0x08002f66   0x00000002   PAD
    0x08002f68   0x08002f68   0x00000140   Code   RO         3677    i.HAL_CAN_GetRxMessage  stm32f4xx_hal_can.o
    0x080030a8   0x080030a8   0x000001f4   Code   RO         3681    i.HAL_CAN_IRQHandler  stm32f4xx_hal_can.o
    0x0800329c   0x0800329c   0x0000034c   Code   RO         3682    i.HAL_CAN_Init      stm32f4xx_hal_can.o
    0x080035e8   0x080035e8   0x000000fc   Code   RO          437    i.HAL_CAN_MspInit   can.o
    0x080036e4   0x080036e4   0x0000008c   Code   RO         3687    i.HAL_CAN_RegisterCallback  stm32f4xx_hal_can.o
    0x08003770   0x08003770   0x00000002   Code   RO         3690    i.HAL_CAN_RxFifo0FullCallback  stm32f4xx_hal_can.o
    0x08003772   0x08003772   0x00000002   Code   RO         3691    i.HAL_CAN_RxFifo0MsgPendingCallback  stm32f4xx_hal_can.o
    0x08003774   0x08003774   0x00000002   Code   RO         3692    i.HAL_CAN_RxFifo1FullCallback  stm32f4xx_hal_can.o
    0x08003776   0x08003776   0x00000002   Code   RO         3693    i.HAL_CAN_RxFifo1MsgPendingCallback  stm32f4xx_hal_can.o
    0x08003778   0x08003778   0x00000002   Code   RO         3694    i.HAL_CAN_SleepCallback  stm32f4xx_hal_can.o
    0x0800377a   0x0800377a   0x00000002   PAD
    0x0800377c   0x0800377c   0x00000058   Code   RO         3695    i.HAL_CAN_Start     stm32f4xx_hal_can.o
    0x080037d4   0x080037d4   0x00000002   Code   RO         3697    i.HAL_CAN_TxMailbox0AbortCallback  stm32f4xx_hal_can.o
    0x080037d6   0x080037d6   0x00000002   Code   RO         3698    i.HAL_CAN_TxMailbox0CompleteCallback  stm32f4xx_hal_can.o
    0x080037d8   0x080037d8   0x00000002   Code   RO         3699    i.HAL_CAN_TxMailbox1AbortCallback  stm32f4xx_hal_can.o
    0x080037da   0x080037da   0x00000002   Code   RO         3700    i.HAL_CAN_TxMailbox1CompleteCallback  stm32f4xx_hal_can.o
    0x080037dc   0x080037dc   0x00000002   Code   RO         3701    i.HAL_CAN_TxMailbox2AbortCallback  stm32f4xx_hal_can.o
    0x080037de   0x080037de   0x00000002   Code   RO         3702    i.HAL_CAN_TxMailbox2CompleteCallback  stm32f4xx_hal_can.o
    0x080037e0   0x080037e0   0x00000002   Code   RO         3705    i.HAL_CAN_WakeUpFromRxMsgCallback  stm32f4xx_hal_can.o
    0x080037e2   0x080037e2   0x00000002   PAD
    0x080037e4   0x080037e4   0x00000070   Code   RO         3918    i.HAL_CRC_Init      stm32f4xx_hal_crc.o
    0x08003854   0x08003854   0x00000028   Code   RO          486    i.HAL_CRC_MspInit   crc.o
    0x0800387c   0x0800387c   0x00000002   Code   RO         4123    i.HAL_DACEx_DMAUnderrunCallbackCh2  stm32f4xx_hal_dac_ex.o
    0x0800387e   0x0800387e   0x00000002   PAD
    0x08003880   0x08003880   0x000000d8   Code   RO         3977    i.HAL_DAC_ConfigChannel  stm32f4xx_hal_dac.o
    0x08003958   0x08003958   0x00000002   Code   RO         3980    i.HAL_DAC_DMAUnderrunCallbackCh1  stm32f4xx_hal_dac.o
    0x0800395a   0x0800395a   0x00000068   Code   RO         3986    i.HAL_DAC_IRQHandler  stm32f4xx_hal_dac.o
    0x080039c2   0x080039c2   0x00000002   PAD
    0x080039c4   0x080039c4   0x00000078   Code   RO         3987    i.HAL_DAC_Init      stm32f4xx_hal_dac.o
    0x08003a3c   0x08003a3c   0x00000070   Code   RO          528    i.HAL_DAC_MspInit   dac.o
    0x08003aac   0x08003aac   0x00000092   Code   RO         2720    i.HAL_DMA_Abort     stm32f4xx_hal_dma.o
    0x08003b3e   0x08003b3e   0x00000024   Code   RO         2721    i.HAL_DMA_Abort_IT  stm32f4xx_hal_dma.o
    0x08003b62   0x08003b62   0x00000006   Code   RO         2724    i.HAL_DMA_GetState  stm32f4xx_hal_dma.o
    0x08003b68   0x08003b68   0x000001a0   Code   RO         2725    i.HAL_DMA_IRQHandler  stm32f4xx_hal_dma.o
    0x08003d08   0x08003d08   0x000002e0   Code   RO         2726    i.HAL_DMA_Init      stm32f4xx_hal_dma.o
    0x08003fe8   0x08003fe8   0x00000024   Code   RO         3139    i.HAL_Delay         stm32f4xx_hal.o
    0x0800400c   0x0800400c   0x00000002   Code   RO         2405    i.HAL_FLASH_EndOfOperationCallback  stm32f4xx_hal_flash.o
    0x0800400e   0x0800400e   0x00000002   PAD
    0x08004010   0x08004010   0x000000cc   Code   RO         2407    i.HAL_FLASH_IRQHandler  stm32f4xx_hal_flash.o
    0x080040dc   0x080040dc   0x00000002   Code   RO         2412    i.HAL_FLASH_OperationErrorCallback  stm32f4xx_hal_flash.o
    0x080040de   0x080040de   0x00000002   Code   RO         2611    i.HAL_GPIO_EXTI_Callback  stm32f4xx_hal_gpio.o
    0x080040e0   0x080040e0   0x00000018   Code   RO         2612    i.HAL_GPIO_EXTI_IRQHandler  stm32f4xx_hal_gpio.o
    0x080040f8   0x080040f8   0x000002fc   Code   RO         2613    i.HAL_GPIO_Init     stm32f4xx_hal_gpio.o
    0x080043f4   0x080043f4   0x0000006c   Code   RO         2617    i.HAL_GPIO_WritePin  stm32f4xx_hal_gpio.o
    0x08004460   0x08004460   0x0000000c   Code   RO         3145    i.HAL_GetTick       stm32f4xx_hal.o
    0x0800446c   0x0800446c   0x00000002   Code   RO         4214    i.HAL_I2C_AbortCpltCallback  stm32f4xx_hal_i2c.o
    0x0800446e   0x0800446e   0x00000002   Code   RO         4215    i.HAL_I2C_AddrCallback  stm32f4xx_hal_i2c.o
    0x08004470   0x08004470   0x000000ba   Code   RO         4218    i.HAL_I2C_ER_IRQHandler  stm32f4xx_hal_i2c.o
    0x0800452a   0x0800452a   0x00000230   Code   RO         4219    i.HAL_I2C_EV_IRQHandler  stm32f4xx_hal_i2c.o
    0x0800475a   0x0800475a   0x00000002   Code   RO         4221    i.HAL_I2C_ErrorCallback  stm32f4xx_hal_i2c.o
    0x0800475c   0x0800475c   0x00000288   Code   RO         4225    i.HAL_I2C_Init      stm32f4xx_hal_i2c.o
    0x080049e4   0x080049e4   0x00000002   Code   RO         4227    i.HAL_I2C_ListenCpltCallback  stm32f4xx_hal_i2c.o
    0x080049e6   0x080049e6   0x00000002   Code   RO         4228    i.HAL_I2C_MasterRxCpltCallback  stm32f4xx_hal_i2c.o
    0x080049e8   0x080049e8   0x00000002   Code   RO         4229    i.HAL_I2C_MasterTxCpltCallback  stm32f4xx_hal_i2c.o
    0x080049ea   0x080049ea   0x00000002   Code   RO         4241    i.HAL_I2C_MemRxCpltCallback  stm32f4xx_hal_i2c.o
    0x080049ec   0x080049ec   0x00000002   Code   RO         4242    i.HAL_I2C_MemTxCpltCallback  stm32f4xx_hal_i2c.o
    0x080049ee   0x080049ee   0x00000002   PAD
    0x080049f0   0x080049f0   0x00000190   Code   RO          594    i.HAL_I2C_MspInit   i2c.o
    0x08004b80   0x08004b80   0x00000002   Code   RO         4251    i.HAL_I2C_SlaveRxCpltCallback  stm32f4xx_hal_i2c.o
    0x08004b82   0x08004b82   0x00000002   Code   RO         4252    i.HAL_I2C_SlaveTxCpltCallback  stm32f4xx_hal_i2c.o
    0x08004b84   0x08004b84   0x00000010   Code   RO         3151    i.HAL_IncTick       stm32f4xx_hal.o
    0x08004b94   0x08004b94   0x00000034   Code   RO         3152    i.HAL_Init          stm32f4xx_hal.o
    0x08004bc8   0x08004bc8   0x00000040   Code   RO         3153    i.HAL_InitTick      stm32f4xx_hal.o
    0x08004c08   0x08004c08   0x00000040   Code   RO         1573    i.HAL_MspInit       stm32f4xx_hal_msp.o
    0x08004c48   0x08004c48   0x00000064   Code   RO         3002    i.HAL_NVIC_EnableIRQ  stm32f4xx_hal_cortex.o
    0x08004cac   0x08004cac   0x000000a0   Code   RO         3008    i.HAL_NVIC_SetPriority  stm32f4xx_hal_cortex.o
    0x08004d4c   0x08004d4c   0x00000080   Code   RO         3009    i.HAL_NVIC_SetPriorityGrouping  stm32f4xx_hal_cortex.o
    0x08004dcc   0x08004dcc   0x00000002   Code   RO         1897    i.HAL_PCDEx_LPM_Callback  stm32f4xx_hal_pcd_ex.o
    0x08004dce   0x08004dce   0x00000008   Code   RO         1898    i.HAL_PCDEx_SetRxFiFo  stm32f4xx_hal_pcd_ex.o
    0x08004dd6   0x08004dd6   0x00000044   Code   RO         1899    i.HAL_PCDEx_SetTxFiFo  stm32f4xx_hal_pcd_ex.o
    0x08004e1a   0x08004e1a   0x00000008   Code   RO          959    i.HAL_PCD_ConnectCallback  usbd_conf.o
    0x08004e22   0x08004e22   0x00000012   Code   RO          960    i.HAL_PCD_DataInStageCallback  usbd_conf.o
    0x08004e34   0x08004e34   0x00000014   Code   RO          961    i.HAL_PCD_DataOutStageCallback  usbd_conf.o
    0x08004e48   0x08004e48   0x00000008   Code   RO          962    i.HAL_PCD_DisconnectCallback  usbd_conf.o
    0x08004e50   0x08004e50   0x0000001e   Code   RO         1667    i.HAL_PCD_EP_Abort  stm32f4xx_hal_pcd.o
    0x08004e6e   0x08004e6e   0x0000004c   Code   RO         1668    i.HAL_PCD_EP_Close  stm32f4xx_hal_pcd.o
    0x08004eba   0x08004eba   0x0000005c   Code   RO         1669    i.HAL_PCD_EP_ClrStall  stm32f4xx_hal_pcd.o
    0x08004f16   0x08004f16   0x00000012   Code   RO         1671    i.HAL_PCD_EP_GetRxCount  stm32f4xx_hal_pcd.o
    0x08004f28   0x08004f28   0x00000060   Code   RO         1672    i.HAL_PCD_EP_Open   stm32f4xx_hal_pcd.o
    0x08004f88   0x08004f88   0x00000048   Code   RO         1673    i.HAL_PCD_EP_Receive  stm32f4xx_hal_pcd.o
    0x08004fd0   0x08004fd0   0x00000074   Code   RO         1674    i.HAL_PCD_EP_SetStall  stm32f4xx_hal_pcd.o
    0x08005044   0x08005044   0x00000040   Code   RO         1675    i.HAL_PCD_EP_Transmit  stm32f4xx_hal_pcd.o
    0x08005084   0x08005084   0x00000560   Code   RO         1677    i.HAL_PCD_IRQHandler  stm32f4xx_hal_pcd.o
    0x080055e4   0x080055e4   0x00000008   Code   RO          963    i.HAL_PCD_ISOINIncompleteCallback  usbd_conf.o
    0x080055ec   0x080055ec   0x00000008   Code   RO          964    i.HAL_PCD_ISOOUTIncompleteCallback  usbd_conf.o
    0x080055f4   0x080055f4   0x00000138   Code   RO         1680    i.HAL_PCD_Init      stm32f4xx_hal_pcd.o
    0x0800572c   0x0800572c   0x00000084   Code   RO          966    i.HAL_PCD_MspInit   usbd_conf.o
    0x080057b0   0x080057b0   0x0000002c   Code   RO          967    i.HAL_PCD_ResetCallback  usbd_conf.o
    0x080057dc   0x080057dc   0x00000008   Code   RO          968    i.HAL_PCD_ResumeCallback  usbd_conf.o
    0x080057e4   0x080057e4   0x00000008   Code   RO          969    i.HAL_PCD_SOFCallback  usbd_conf.o
    0x080057ec   0x080057ec   0x00000028   Code   RO         1686    i.HAL_PCD_SetAddress  stm32f4xx_hal_pcd.o
    0x08005814   0x08005814   0x0000000e   Code   RO          970    i.HAL_PCD_SetupStageCallback  usbd_conf.o
    0x08005822   0x08005822   0x00000042   Code   RO         1689    i.HAL_PCD_Start     stm32f4xx_hal_pcd.o
    0x08005864   0x08005864   0x00000030   Code   RO          971    i.HAL_PCD_SuspendCallback  usbd_conf.o
    0x08005894   0x08005894   0x000002fc   Code   RO         2349    i.HAL_RCCEx_PeriphCLKConfig  stm32f4xx_hal_rcc_ex.o
    0x08005b90   0x08005b90   0x0000024c   Code   RO         2244    i.HAL_RCC_ClockConfig  stm32f4xx_hal_rcc.o
    0x08005ddc   0x08005ddc   0x0000000c   Code   RO         2249    i.HAL_RCC_GetHCLKFreq  stm32f4xx_hal_rcc.o
    0x08005de8   0x08005de8   0x00000020   Code   RO         2251    i.HAL_RCC_GetPCLK1Freq  stm32f4xx_hal_rcc.o
    0x08005e08   0x08005e08   0x00000020   Code   RO         2252    i.HAL_RCC_GetPCLK2Freq  stm32f4xx_hal_rcc.o
    0x08005e28   0x08005e28   0x00000064   Code   RO         2253    i.HAL_RCC_GetSysClockFreq  stm32f4xx_hal_rcc.o
    0x08005e8c   0x08005e8c   0x000004a8   Code   RO         2256    i.HAL_RCC_OscConfig  stm32f4xx_hal_rcc.o
    0x08006334   0x08006334   0x00000080   Code   RO         4673    i.HAL_RNG_Init      stm32f4xx_hal_rng.o
    0x080063b4   0x080063b4   0x00000028   Code   RO          642    i.HAL_RNG_MspInit   rng.o
    0x080063dc   0x080063dc   0x00000158   Code   RO         4779    i.HAL_RTC_Init      stm32f4xx_hal_rtc.o
    0x08006534   0x08006534   0x0000003c   Code   RO          684    i.HAL_RTC_MspInit   rtc.o
    0x08006570   0x08006570   0x00000036   Code   RO         4787    i.HAL_RTC_WaitForSynchro  stm32f4xx_hal_rtc.o
    0x080065a6   0x080065a6   0x00000002   Code   RO         5174    i.HAL_SPI_ErrorCallback  stm32f4xx_hal_spi.o
    0x080065a8   0x080065a8   0x000000fc   Code   RO         5177    i.HAL_SPI_IRQHandler  stm32f4xx_hal_spi.o
    0x080066a4   0x080066a4   0x0000024c   Code   RO         5178    i.HAL_SPI_Init      stm32f4xx_hal_spi.o
    0x080068f0   0x080068f0   0x000001e8   Code   RO          726    i.HAL_SPI_MspInit   spi.o
    0x08006ad8   0x08006ad8   0x0000015a   Code   RO         5181    i.HAL_SPI_Receive   stm32f4xx_hal_spi.o
    0x08006c32   0x08006c32   0x00000002   PAD
    0x08006c34   0x08006c34   0x000001b4   Code   RO         5186    i.HAL_SPI_Transmit  stm32f4xx_hal_spi.o
    0x08006de8   0x08006de8   0x00000228   Code   RO         5187    i.HAL_SPI_TransmitReceive  stm32f4xx_hal_spi.o
    0x08007010   0x08007010   0x00000028   Code   RO         3013    i.HAL_SYSTICK_Config  stm32f4xx_hal_cortex.o
    0x08007038   0x08007038   0x00000002   Code   RO         6214    i.HAL_TIMEx_BreakCallback  stm32f4xx_hal_tim_ex.o
    0x0800703a   0x0800703a   0x00000002   Code   RO         6215    i.HAL_TIMEx_CommutCallback  stm32f4xx_hal_tim_ex.o
    0x0800703c   0x0800703c   0x00000002   Code   RO         6216    i.HAL_TIMEx_CommutHalfCpltCallback  stm32f4xx_hal_tim_ex.o
    0x0800703e   0x0800703e   0x00000002   PAD
    0x08007040   0x08007040   0x00000148   Code   RO         6217    i.HAL_TIMEx_ConfigBreakDeadTime  stm32f4xx_hal_tim_ex.o
    0x08007188   0x08007188   0x00000150   Code   RO         6233    i.HAL_TIMEx_MasterConfigSynchronization  stm32f4xx_hal_tim_ex.o
    0x080072d8   0x080072d8   0x00000184   Code   RO         5491    i.HAL_TIM_Base_Init  stm32f4xx_hal_tim.o
    0x0800745c   0x0800745c   0x00000104   Code   RO          774    i.HAL_TIM_Base_MspInit  tim.o
    0x08007560   0x08007560   0x00000130   Code   RO         5496    i.HAL_TIM_Base_Start_IT  stm32f4xx_hal_tim.o
    0x08007690   0x08007690   0x00000410   Code   RO         5500    i.HAL_TIM_ConfigClockSource  stm32f4xx_hal_tim.o
    0x08007aa0   0x08007aa0   0x00000002   Code   RO         5521    i.HAL_TIM_ErrorCallback  stm32f4xx_hal_tim.o
    0x08007aa2   0x08007aa2   0x00000002   Code   RO         5525    i.HAL_TIM_IC_CaptureCallback  stm32f4xx_hal_tim.o
    0x08007aa4   0x08007aa4   0x00000002   Code   RO         5526    i.HAL_TIM_IC_CaptureHalfCpltCallback  stm32f4xx_hal_tim.o
    0x08007aa6   0x08007aa6   0x0000017e   Code   RO         5539    i.HAL_TIM_IRQHandler  stm32f4xx_hal_tim.o
    0x08007c24   0x08007c24   0x0000013c   Code   RO          775    i.HAL_TIM_MspPostInit  tim.o
    0x08007d60   0x08007d60   0x000001e8   Code   RO         5540    i.HAL_TIM_OC_ConfigChannel  stm32f4xx_hal_tim.o
    0x08007f48   0x08007f48   0x00000002   Code   RO         5542    i.HAL_TIM_OC_DelayElapsedCallback  stm32f4xx_hal_tim.o
    0x08007f4a   0x08007f4a   0x00000002   PAD
    0x08007f4c   0x08007f4c   0x00000184   Code   RO         5544    i.HAL_TIM_OC_Init   stm32f4xx_hal_tim.o
    0x080080d0   0x080080d0   0x00000002   Code   RO         5546    i.HAL_TIM_OC_MspInit  stm32f4xx_hal_tim.o
    0x080080d2   0x080080d2   0x00000002   PAD
    0x080080d4   0x080080d4   0x00000268   Code   RO         5563    i.HAL_TIM_PWM_ConfigChannel  stm32f4xx_hal_tim.o
    0x0800833c   0x0800833c   0x00000184   Code   RO         5566    i.HAL_TIM_PWM_Init  stm32f4xx_hal_tim.o
    0x080084c0   0x080084c0   0x00000002   Code   RO         5568    i.HAL_TIM_PWM_MspInit  stm32f4xx_hal_tim.o
    0x080084c2   0x080084c2   0x00000002   Code   RO         5569    i.HAL_TIM_PWM_PulseFinishedCallback  stm32f4xx_hal_tim.o
    0x080084c4   0x080084c4   0x00000002   Code   RO         5570    i.HAL_TIM_PWM_PulseFinishedHalfCpltCallback  stm32f4xx_hal_tim.o
    0x080084c6   0x080084c6   0x00000002   PAD
    0x080084c8   0x080084c8   0x000001dc   Code   RO         5571    i.HAL_TIM_PWM_Start  stm32f4xx_hal_tim.o
    0x080086a4   0x080086a4   0x00000002   Code   RO         5577    i.HAL_TIM_PeriodElapsedCallback  stm32f4xx_hal_tim.o
    0x080086a6   0x080086a6   0x00000002   Code   RO         5578    i.HAL_TIM_PeriodElapsedHalfCpltCallback  stm32f4xx_hal_tim.o
    0x080086a8   0x080086a8   0x000000fa   Code   RO         5580    i.HAL_TIM_RegisterCallback  stm32f4xx_hal_tim.o
    0x080087a2   0x080087a2   0x00000002   Code   RO         5583    i.HAL_TIM_TriggerCallback  stm32f4xx_hal_tim.o
    0x080087a4   0x080087a4   0x00000002   Code   RO         5584    i.HAL_TIM_TriggerHalfCpltCallback  stm32f4xx_hal_tim.o
    0x080087a6   0x080087a6   0x00000002   Code   RO         6492    i.HAL_UARTEx_RxEventCallback  stm32f4xx_hal_uart.o
    0x080087a8   0x080087a8   0x00000002   Code   RO         6494    i.HAL_UART_AbortCpltCallback  stm32f4xx_hal_uart.o
    0x080087aa   0x080087aa   0x00000002   Code   RO         6496    i.HAL_UART_AbortReceiveCpltCallback  stm32f4xx_hal_uart.o
    0x080087ac   0x080087ac   0x00000002   Code   RO         6499    i.HAL_UART_AbortTransmitCpltCallback  stm32f4xx_hal_uart.o
    0x080087ae   0x080087ae   0x00000070   Code   RO         6504    i.HAL_UART_DMAStop  stm32f4xx_hal_uart.o
    0x0800881e   0x0800881e   0x00000002   Code   RO         6506    i.HAL_UART_ErrorCallback  stm32f4xx_hal_uart.o
    0x08008820   0x08008820   0x00000268   Code   RO         6509    i.HAL_UART_IRQHandler  stm32f4xx_hal_uart.o
    0x08008a88   0x08008a88   0x0000015c   Code   RO         6510    i.HAL_UART_Init     stm32f4xx_hal_uart.o
    0x08008be4   0x08008be4   0x0000026c   Code   RO          858    i.HAL_UART_MspInit  usart.o
    0x08008e50   0x08008e50   0x00000002   Code   RO         6518    i.HAL_UART_RxCpltCallback  stm32f4xx_hal_uart.o
    0x08008e52   0x08008e52   0x00000002   Code   RO         6519    i.HAL_UART_RxHalfCpltCallback  stm32f4xx_hal_uart.o
    0x08008e54   0x08008e54   0x00000002   Code   RO         6523    i.HAL_UART_TxCpltCallback  stm32f4xx_hal_uart.o
    0x08008e56   0x08008e56   0x00000002   Code   RO         6524    i.HAL_UART_TxHalfCpltCallback  stm32f4xx_hal_uart.o
    0x08008e58   0x08008e58   0x00000002   Code   RO         1325    i.HardFault_Handler  stm32f4xx_it.o
    0x08008e5a   0x08008e5a   0x00000002   PAD
    0x08008e5c   0x08008e5c   0x0000000c   Code   RO         1326    i.I2C2_ER_IRQHandler  stm32f4xx_it.o
    0x08008e68   0x08008e68   0x0000000c   Code   RO         1327    i.I2C2_EV_IRQHandler  stm32f4xx_it.o
    0x08008e74   0x08008e74   0x0000000c   Code   RO         1328    i.I2C3_ER_IRQHandler  stm32f4xx_it.o
    0x08008e80   0x08008e80   0x0000000c   Code   RO         1329    i.I2C3_EV_IRQHandler  stm32f4xx_it.o
    0x08008e8c   0x08008e8c   0x000000bc   Code   RO         4263    i.I2C_DMAAbort      stm32f4xx_hal_i2c.o
    0x08008f48   0x08008f48   0x00000158   Code   RO         4266    i.I2C_ITError       stm32f4xx_hal_i2c.o
    0x080090a0   0x080090a0   0x000000d2   Code   RO         4268    i.I2C_MasterReceive_BTF  stm32f4xx_hal_i2c.o
    0x08009172   0x08009172   0x00000002   PAD
    0x08009174   0x08009174   0x000000e8   Code   RO         4269    i.I2C_MasterReceive_RXNE  stm32f4xx_hal_i2c.o
    0x0800925c   0x0800925c   0x00000082   Code   RO         4272    i.I2C_MasterTransmit_BTF  stm32f4xx_hal_i2c.o
    0x080092de   0x080092de   0x00000002   PAD
    0x080092e0   0x080092e0   0x000000b6   Code   RO         4273    i.I2C_MasterTransmit_TXE  stm32f4xx_hal_i2c.o
    0x08009396   0x08009396   0x00000002   PAD
    0x08009398   0x08009398   0x00000118   Code   RO         4274    i.I2C_Master_ADDR   stm32f4xx_hal_i2c.o
    0x080094b0   0x080094b0   0x0000008c   Code   RO         4275    i.I2C_Master_SB     stm32f4xx_hal_i2c.o
    0x0800953c   0x0800953c   0x000000a0   Code   RO         4276    i.I2C_MemoryTransmit_TXE_BTF  stm32f4xx_hal_i2c.o
    0x080095dc   0x080095dc   0x00000046   Code   RO         4279    i.I2C_Slave_ADDR    stm32f4xx_hal_i2c.o
    0x08009622   0x08009622   0x00000002   PAD
    0x08009624   0x08009624   0x00000084   Code   RO         4280    i.I2C_Slave_AF      stm32f4xx_hal_i2c.o
    0x080096a8   0x080096a8   0x0000015c   Code   RO         4281    i.I2C_Slave_STOPF   stm32f4xx_hal_i2c.o
    0x08009804   0x08009804   0x000000b4   Code   RO         8838    i.InitQueue         queue.o
    0x080098b8   0x080098b8   0x00000038   Code   RO         1166    i.IntToUnicode      usbd_desc.o
    0x080098f0   0x080098f0   0x00000064   Code   RO          396    i.MX_ADC1_Init      adc.o
    0x08009954   0x08009954   0x00000048   Code   RO          438    i.MX_CAN1_Init      can.o
    0x0800999c   0x0800999c   0x00000048   Code   RO          439    i.MX_CAN2_Init      can.o
    0x080099e4   0x080099e4   0x00000024   Code   RO          487    i.MX_CRC_Init       crc.o
    0x08009a08   0x08009a08   0x0000003c   Code   RO          529    i.MX_DAC_Init       dac.o
    0x08009a44   0x08009a44   0x000000ec   Code   RO          569    i.MX_DMA_Init       dma.o
    0x08009b30   0x08009b30   0x0000017c   Code   RO          366    i.MX_GPIO_Init      gpio.o
    0x08009cac   0x08009cac   0x00000040   Code   RO          595    i.MX_I2C2_Init      i2c.o
    0x08009cec   0x08009cec   0x00000040   Code   RO          596    i.MX_I2C3_Init      i2c.o
    0x08009d2c   0x08009d2c   0x00000024   Code   RO          643    i.MX_RNG_Init       rng.o
    0x08009d50   0x08009d50   0x00000038   Code   RO          685    i.MX_RTC_Init       rtc.o
    0x08009d88   0x08009d88   0x00000048   Code   RO          727    i.MX_SPI1_Init      spi.o
    0x08009dd0   0x08009dd0   0x00000048   Code   RO          728    i.MX_SPI2_Init      spi.o
    0x08009e18   0x08009e18   0x00000068   Code   RO          776    i.MX_TIM10_Init     tim.o
    0x08009e80   0x08009e80   0x000000f8   Code   RO          777    i.MX_TIM1_Init      tim.o
    0x08009f78   0x08009f78   0x00000098   Code   RO          778    i.MX_TIM4_Init      tim.o
    0x0800a010   0x0800a010   0x000000b8   Code   RO          779    i.MX_TIM5_Init      tim.o
    0x0800a0c8   0x0800a0c8   0x00000048   Code   RO          780    i.MX_TIM6_Init      tim.o
    0x0800a110   0x0800a110   0x00000048   Code   RO          781    i.MX_TIM7_Init      tim.o
    0x0800a158   0x0800a158   0x000000e8   Code   RO          782    i.MX_TIM8_Init      tim.o
    0x0800a240   0x0800a240   0x00000038   Code   RO          859    i.MX_USART1_UART_Init  usart.o
    0x0800a278   0x0800a278   0x00000044   Code   RO          860    i.MX_USART3_UART_Init  usart.o
    0x0800a2bc   0x0800a2bc   0x00000038   Code   RO          861    i.MX_USART6_UART_Init  usart.o
    0x0800a2f4   0x0800a2f4   0x00000054   Code   RO          911    i.MX_USB_DEVICE_Init  usb_device.o
    0x0800a348   0x0800a348   0x0000048a   Code   RO         9051    i.Mahony_AHRS_Update  mahony.o
    0x0800a7d2   0x0800a7d2   0x00000002   Code   RO         1330    i.MemManage_Handler  stm32f4xx_it.o
    0x0800a7d4   0x0800a7d4   0x00000028   Code   RO         7752    i.Motor_Init        motor.o
    0x0800a7fc   0x0800a7fc   0x00000030   Code   RO         7814    i.Motor_Send_Data   motor.o
    0x0800a82c   0x0800a82c   0x00000002   Code   RO         1331    i.NMI_Handler       stm32f4xx_it.o
    0x0800a82e   0x0800a82e   0x00000002   PAD
    0x0800a830   0x0800a830   0x0000000c   Code   RO         1332    i.OTG_FS_IRQHandler  stm32f4xx_it.o
    0x0800a83c   0x0800a83c   0x000000cc   Code   RO         1693    i.PCD_EP_OutXfrComplete_int  stm32f4xx_hal_pcd.o
    0x0800a908   0x0800a908   0x000000a2   Code   RO         1694    i.PCD_WriteEmptyTxFifo  stm32f4xx_hal_pcd.o
    0x0800a9aa   0x0800a9aa   0x00000002   PAD
    0x0800a9ac   0x0800a9ac   0x000000c4   Code   RO         8769    i.PID_Init          pid.o
    0x0800aa70   0x0800aa70   0x00000002   Code   RO         1333    i.PendSV_Handler    stm32f4xx_it.o
    0x0800aa72   0x0800aa72   0x00000002   PAD
    0x0800aa74   0x0800aa74   0x00000048   Code   RO         4790    i.RTC_EnterInitMode  stm32f4xx_hal_rtc.o
    0x0800aabc   0x0800aabc   0x0000002a   Code   RO         4791    i.RTC_ExitInitMode  stm32f4xx_hal_rtc.o
    0x0800aae6   0x0800aae6   0x00000002   PAD
    0x0800aae8   0x0800aae8   0x000000e0   Code   RO         9150    i.Robo_Middleware_Init  robo_common.o
    0x0800abc8   0x0800abc8   0x00000060   Code   RO         7304    i.SEML_CAN_Init     can_if.o
    0x0800ac28   0x0800ac28   0x000000b4   Code   RO         7305    i.SEML_CAN_RxCallback  can_if.o
    0x0800acdc   0x0800acdc   0x00000012   Code   RO         7371    i.SEML_GPIO_Pin_Reset  gpio_if.o
    0x0800acee   0x0800acee   0x00000012   Code   RO         7372    i.SEML_GPIO_Pin_Set  gpio_if.o
    0x0800ad00   0x0800ad00   0x00000074   Code   RO         7542    i.SEML_PWM_Init     pwm_if.o
    0x0800ad74   0x0800ad74   0x00000084   Code   RO         7543    i.SEML_PWM_Set_Duty  pwm_if.o
    0x0800adf8   0x0800adf8   0x0000005c   Code   RO         7544    i.SEML_PWM_Set_Frec  pwm_if.o
    0x0800ae54   0x0800ae54   0x00000006   Code   RO         7545    i.SEML_PWM_Start    pwm_if.o
    0x0800ae5a   0x0800ae5a   0x00000002   PAD
    0x0800ae5c   0x0800ae5c   0x0000007c   Code   RO         7594    i.SEML_SPI_Register  spi_if.o
    0x0800aed8   0x0800aed8   0x00000068   Code   RO         7596    i.SEML_SPI_TransmitReceive  spi_if.o
    0x0800af40   0x0800af40   0x0000003c   Code   RO         8341    i.SEML_Timer_Callback  timer.o
    0x0800af7c   0x0800af7c   0x0000009c   Code   RO         8342    i.SEML_Timer_Create  timer.o
    0x0800b018   0x0800b018   0x00000070   Code   RO         8343    i.SEML_Timer_Delete  timer.o
    0x0800b088   0x0800b088   0x0000003c   Code   RO         8345    i.SEML_Timer_Start  timer.o
    0x0800b0c4   0x0800b0c4   0x0000000c   Code   RO         1334    i.SPI1_IRQHandler   stm32f4xx_it.o
    0x0800b0d0   0x0800b0d0   0x0000000c   Code   RO         1335    i.SPI2_IRQHandler   stm32f4xx_it.o
    0x0800b0dc   0x0800b0dc   0x00000010   Code   RO         5205    i.SPI_DMAAbortOnError  stm32f4xx_hal_spi.o
    0x0800b0ec   0x0800b0ec   0x0000005c   Code   RO         5215    i.SPI_EndRxTransaction  stm32f4xx_hal_spi.o
    0x0800b148   0x0800b148   0x00000058   Code   RO         5216    i.SPI_EndRxTxTransaction  stm32f4xx_hal_spi.o
    0x0800b1a0   0x0800b1a0   0x000000b8   Code   RO         5221    i.SPI_WaitFlagStateUntilTimeout  stm32f4xx_hal_spi.o
    0x0800b258   0x0800b258   0x00000002   Code   RO         1336    i.SVC_Handler       stm32f4xx_it.o
    0x0800b25a   0x0800b25a   0x0000000a   Code   RO         7065    i.SWAPBYTE          usbd_ctlreq.o
    0x0800b264   0x0800b264   0x00000004   Code   RO         1337    i.SysTick_Handler   stm32f4xx_it.o
    0x0800b268   0x0800b268   0x00000094   Code   RO           14    i.SystemClock_Config  main.o
    0x0800b2fc   0x0800b2fc   0x00000010   Code   RO         6869    i.SystemInit        system_stm32f4xx.o
    0x0800b30c   0x0800b30c   0x0000000c   Code   RO         1338    i.TIM4_IRQHandler   stm32f4xx_it.o
    0x0800b318   0x0800b318   0x0000001c   Code   RO         1339    i.TIM6_DAC_IRQHandler  stm32f4xx_it.o
    0x0800b334   0x0800b334   0x0000000c   Code   RO         1340    i.TIM7_IRQHandler   stm32f4xx_it.o
    0x0800b340   0x0800b340   0x0000000c   Code   RO         1341    i.TIM8_TRG_COM_TIM14_IRQHandler  stm32f4xx_it.o
    0x0800b34c   0x0800b34c   0x000000c8   Code   RO         5586    i.TIM_Base_SetConfig  stm32f4xx_hal_tim.o
    0x0800b414   0x0800b414   0x000000f4   Code   RO         5587    i.TIM_CCxChannelCmd  stm32f4xx_hal_tim.o
    0x0800b508   0x0800b508   0x00000014   Code   RO         5597    i.TIM_ETR_SetConfig  stm32f4xx_hal_tim.o
    0x0800b51c   0x0800b51c   0x00000010   Code   RO         5598    i.TIM_ITRx_SetConfig  stm32f4xx_hal_tim.o
    0x0800b52c   0x0800b52c   0x000000e4   Code   RO         5599    i.TIM_OC1_SetConfig  stm32f4xx_hal_tim.o
    0x0800b610   0x0800b610   0x000000ec   Code   RO         5600    i.TIM_OC2_SetConfig  stm32f4xx_hal_tim.o
    0x0800b6fc   0x0800b6fc   0x000000ec   Code   RO         5601    i.TIM_OC3_SetConfig  stm32f4xx_hal_tim.o
    0x0800b7e8   0x0800b7e8   0x000000a4   Code   RO         5602    i.TIM_OC4_SetConfig  stm32f4xx_hal_tim.o
    0x0800b88c   0x0800b88c   0x0000006c   Code   RO         5603    i.TIM_ResetCallback  stm32f4xx_hal_tim.o
    0x0800b8f8   0x0800b8f8   0x00000022   Code   RO         5605    i.TIM_TI1_ConfigInputStage  stm32f4xx_hal_tim.o
    0x0800b91a   0x0800b91a   0x00000024   Code   RO         5607    i.TIM_TI2_ConfigInputStage  stm32f4xx_hal_tim.o
    0x0800b93e   0x0800b93e   0x00000014   Code   RO         8064    i.Task_List_Add     event_os.o
    0x0800b952   0x0800b952   0x0000001e   Code   RO         8065    i.Task_List_Del     event_os.o
    0x0800b970   0x0800b970   0x0000000c   Code   RO         6527    i.UART_DMAAbortOnError  stm32f4xx_hal_uart.o
    0x0800b97c   0x0800b97c   0x0000004e   Code   RO         6537    i.UART_EndRxTransfer  stm32f4xx_hal_uart.o
    0x0800b9ca   0x0800b9ca   0x0000001c   Code   RO         6538    i.UART_EndTxTransfer  stm32f4xx_hal_uart.o
    0x0800b9e6   0x0800b9e6   0x00000002   PAD
    0x0800b9e8   0x0800b9e8   0x0000004c   Code   RO         6539    i.UART_InitCallbacksToDefault  stm32f4xx_hal_uart.o
    0x0800ba34   0x0800ba34   0x000000c0   Code   RO         6540    i.UART_Receive_IT   stm32f4xx_hal_uart.o
    0x0800baf4   0x0800baf4   0x000001a0   Code   RO         6541    i.UART_SetConfig    stm32f4xx_hal_uart.o
    0x0800bc94   0x0800bc94   0x0000000c   Code   RO         1342    i.USART1_IRQHandler  stm32f4xx_it.o
    0x0800bca0   0x0800bca0   0x00000024   Code   RO         1343    i.USART3_IRQHandler  stm32f4xx_it.o
    0x0800bcc4   0x0800bcc4   0x0000000c   Code   RO         1344    i.USART6_IRQHandler  stm32f4xx_it.o
    0x0800bcd0   0x0800bcd0   0x00000076   Code   RO         7198    i.USBD_CDC_DataIn   usbd_cdc.o
    0x0800bd46   0x0800bd46   0x0000003c   Code   RO         7199    i.USBD_CDC_DataOut  usbd_cdc.o
    0x0800bd82   0x0800bd82   0x00000002   PAD
    0x0800bd84   0x0800bd84   0x00000090   Code   RO         7200    i.USBD_CDC_DeInit   usbd_cdc.o
    0x0800be14   0x0800be14   0x00000036   Code   RO         7201    i.USBD_CDC_EP0_RxReady  usbd_cdc.o
    0x0800be4a   0x0800be4a   0x00000002   PAD
    0x0800be4c   0x0800be4c   0x0000000c   Code   RO         7202    i.USBD_CDC_GetDeviceQualifierDescriptor  usbd_cdc.o
    0x0800be58   0x0800be58   0x0000003c   Code   RO         7203    i.USBD_CDC_GetFSCfgDesc  usbd_cdc.o
    0x0800be94   0x0800be94   0x00000040   Code   RO         7204    i.USBD_CDC_GetHSCfgDesc  usbd_cdc.o
    0x0800bed4   0x0800bed4   0x0000003c   Code   RO         7205    i.USBD_CDC_GetOtherSpeedCfgDesc  usbd_cdc.o
    0x0800bf10   0x0800bf10   0x00000118   Code   RO         7206    i.USBD_CDC_Init     usbd_cdc.o
    0x0800c028   0x0800c028   0x00000038   Code   RO         7207    i.USBD_CDC_ReceivePacket  usbd_cdc.o
    0x0800c060   0x0800c060   0x00000016   Code   RO         7208    i.USBD_CDC_RegisterInterface  usbd_cdc.o
    0x0800c076   0x0800c076   0x0000001a   Code   RO         7209    i.USBD_CDC_SetRxBuffer  usbd_cdc.o
    0x0800c090   0x0800c090   0x0000001e   Code   RO         7210    i.USBD_CDC_SetTxBuffer  usbd_cdc.o
    0x0800c0ae   0x0800c0ae   0x000000d4   Code   RO         7211    i.USBD_CDC_Setup    usbd_cdc.o
    0x0800c182   0x0800c182   0x00000014   Code   RO         6906    i.USBD_ClrClassConfig  usbd_core.o
    0x0800c196   0x0800c196   0x00000004   Code   RO         6907    i.USBD_CoreFindEP   usbd_core.o
    0x0800c19a   0x0800c19a   0x00000004   Code   RO         6908    i.USBD_CoreFindIF   usbd_core.o
    0x0800c19e   0x0800c19e   0x00000010   Code   RO         7138    i.USBD_CtlContinueRx  usbd_ioreq.o
    0x0800c1ae   0x0800c1ae   0x00000010   Code   RO         7139    i.USBD_CtlContinueSendData  usbd_ioreq.o
    0x0800c1be   0x0800c1be   0x00000016   Code   RO         7066    i.USBD_CtlError     usbd_ctlreq.o
    0x0800c1d4   0x0800c1d4   0x0000001e   Code   RO         7140    i.USBD_CtlPrepareRx  usbd_ioreq.o
    0x0800c1f2   0x0800c1f2   0x00000016   Code   RO         7141    i.USBD_CtlReceiveStatus  usbd_ioreq.o
    0x0800c208   0x0800c208   0x0000001a   Code   RO         7142    i.USBD_CtlSendData  usbd_ioreq.o
    0x0800c222   0x0800c222   0x00000016   Code   RO         7143    i.USBD_CtlSendStatus  usbd_ioreq.o
    0x0800c238   0x0800c238   0x00000020   Code   RO         1167    i.USBD_FS_ConfigStrDescriptor  usbd_desc.o
    0x0800c258   0x0800c258   0x0000000c   Code   RO         1168    i.USBD_FS_DeviceDescriptor  usbd_desc.o
    0x0800c264   0x0800c264   0x00000024   Code   RO         1169    i.USBD_FS_InterfaceStrDescriptor  usbd_desc.o
    0x0800c288   0x0800c288   0x0000000c   Code   RO         1170    i.USBD_FS_LangIDStrDescriptor  usbd_desc.o
    0x0800c294   0x0800c294   0x00000024   Code   RO         1171    i.USBD_FS_ManufacturerStrDescriptor  usbd_desc.o
    0x0800c2b8   0x0800c2b8   0x00000028   Code   RO         1172    i.USBD_FS_ProductStrDescriptor  usbd_desc.o
    0x0800c2e0   0x0800c2e0   0x00000038   Code   RO         1173    i.USBD_FS_SerialStrDescriptor  usbd_desc.o
    0x0800c318   0x0800c318   0x000000e6   Code   RO         7067    i.USBD_GetDescriptor  usbd_ctlreq.o
    0x0800c3fe   0x0800c3fe   0x0000003a   Code   RO         6910    i.USBD_GetEpDesc    usbd_core.o
    0x0800c438   0x0800c438   0x0000000e   Code   RO         6911    i.USBD_GetNextDesc  usbd_core.o
    0x0800c446   0x0800c446   0x00000048   Code   RO         7068    i.USBD_GetString    usbd_ctlreq.o
    0x0800c48e   0x0800c48e   0x00000018   Code   RO          972    i.USBD_Get_USB_Status  usbd_conf.o
    0x0800c4a6   0x0800c4a6   0x00000026   Code   RO         6912    i.USBD_Init         usbd_core.o
    0x0800c4cc   0x0800c4cc   0x00000012   Code   RO          973    i.USBD_LL_ClearStallEP  usbd_conf.o
    0x0800c4de   0x0800c4de   0x00000012   Code   RO          974    i.USBD_LL_CloseEP   usbd_conf.o
    0x0800c4f0   0x0800c4f0   0x000000b6   Code   RO         6913    i.USBD_LL_DataInStage  usbd_core.o
    0x0800c5a6   0x0800c5a6   0x0000008e   Code   RO         6914    i.USBD_LL_DataOutStage  usbd_core.o
    0x0800c634   0x0800c634   0x00000004   Code   RO         6915    i.USBD_LL_DevConnected  usbd_core.o
    0x0800c638   0x0800c638   0x0000001e   Code   RO         6916    i.USBD_LL_DevDisconnected  usbd_core.o
    0x0800c656   0x0800c656   0x00000008   Code   RO          978    i.USBD_LL_GetRxDataSize  usbd_conf.o
    0x0800c65e   0x0800c65e   0x00000002   PAD
    0x0800c660   0x0800c660   0x00000060   Code   RO          979    i.USBD_LL_Init      usbd_conf.o
    0x0800c6c0   0x0800c6c0   0x00000020   Code   RO          980    i.USBD_LL_IsStallEP  usbd_conf.o
    0x0800c6e0   0x0800c6e0   0x00000028   Code   RO         6917    i.USBD_LL_IsoINIncomplete  usbd_core.o
    0x0800c708   0x0800c708   0x00000028   Code   RO         6918    i.USBD_LL_IsoOUTIncomplete  usbd_core.o
    0x0800c730   0x0800c730   0x00000018   Code   RO          981    i.USBD_LL_OpenEP    usbd_conf.o
    0x0800c748   0x0800c748   0x00000012   Code   RO          982    i.USBD_LL_PrepareReceive  usbd_conf.o
    0x0800c75a   0x0800c75a   0x0000005c   Code   RO         6919    i.USBD_LL_Reset     usbd_core.o
    0x0800c7b6   0x0800c7b6   0x00000014   Code   RO         6920    i.USBD_LL_Resume    usbd_core.o
    0x0800c7ca   0x0800c7ca   0x0000001a   Code   RO         6921    i.USBD_LL_SOF       usbd_core.o
    0x0800c7e4   0x0800c7e4   0x00000006   Code   RO         6922    i.USBD_LL_SetSpeed  usbd_core.o
    0x0800c7ea   0x0800c7ea   0x00000012   Code   RO          983    i.USBD_LL_SetUSBAddress  usbd_conf.o
    0x0800c7fc   0x0800c7fc   0x00000060   Code   RO         6923    i.USBD_LL_SetupStage  usbd_core.o
    0x0800c85c   0x0800c85c   0x00000012   Code   RO          984    i.USBD_LL_StallEP   usbd_conf.o
    0x0800c86e   0x0800c86e   0x00000012   Code   RO          985    i.USBD_LL_Start     usbd_conf.o
    0x0800c880   0x0800c880   0x00000012   Code   RO         6924    i.USBD_LL_Suspend   usbd_core.o
    0x0800c892   0x0800c892   0x00000012   Code   RO          987    i.USBD_LL_Transmit  usbd_conf.o
    0x0800c8a4   0x0800c8a4   0x0000002c   Code   RO         7069    i.USBD_ParseSetupRequest  usbd_ctlreq.o
    0x0800c8d0   0x0800c8d0   0x0000003a   Code   RO         6925    i.USBD_RegisterClass  usbd_core.o
    0x0800c90a   0x0800c90a   0x00000014   Code   RO         6927    i.USBD_SetClassConfig  usbd_core.o
    0x0800c91e   0x0800c91e   0x00000002   PAD
    0x0800c920   0x0800c920   0x000000b8   Code   RO         7070    i.USBD_SetConfig    usbd_ctlreq.o
    0x0800c9d8   0x0800c9d8   0x00000004   Code   RO         6928    i.USBD_Start        usbd_core.o
    0x0800c9dc   0x0800c9dc   0x0000012c   Code   RO         7071    i.USBD_StdDevReq    usbd_ctlreq.o
    0x0800cb08   0x0800cb08   0x00000160   Code   RO         7072    i.USBD_StdEPReq     usbd_ctlreq.o
    0x0800cc68   0x0800cc68   0x00000072   Code   RO         7073    i.USBD_StdItfReq    usbd_ctlreq.o
    0x0800ccda   0x0800ccda   0x00000002   Code   RO          988    i.USBD_static_free  usbd_conf.o
    0x0800ccdc   0x0800ccdc   0x00000008   Code   RO          989    i.USBD_static_malloc  usbd_conf.o
    0x0800cce4   0x0800cce4   0x00000080   Code   RO         1939    i.USB_ActivateEndpoint  stm32f4xx_ll_usb.o
    0x0800cd64   0x0800cd64   0x0000001c   Code   RO         1941    i.USB_ActivateSetup  stm32f4xx_ll_usb.o
    0x0800cd80   0x0800cd80   0x00000074   Code   RO         1943    i.USB_CoreInit      stm32f4xx_ll_usb.o
    0x0800cdf4   0x0800cdf4   0x00000040   Code   RO         1944    i.USB_CoreReset     stm32f4xx_ll_usb.o
    0x0800ce34   0x0800ce34   0x000000cc   Code   RO         1947    i.USB_DeactivateEndpoint  stm32f4xx_ll_usb.o
    0x0800cf00   0x0800cf00   0x0000001c   Code   RO         1948    i.USB_DevConnect    stm32f4xx_ll_usb.o
    0x0800cf1c   0x0800cf1c   0x0000001c   Code   RO         1949    i.USB_DevDisconnect  stm32f4xx_ll_usb.o
    0x0800cf38   0x0800cf38   0x00000174   Code   RO         1950    i.USB_DevInit       stm32f4xx_ll_usb.o
    0x0800d0ac   0x0800d0ac   0x0000000c   Code   RO         1951    i.USB_DisableGlobalInt  stm32f4xx_ll_usb.o
    0x0800d0b8   0x0800d0b8   0x0000011c   Code   RO         1954    i.USB_EP0StartXfer  stm32f4xx_ll_usb.o
    0x0800d1d4   0x0800d1d4   0x00000058   Code   RO         1955    i.USB_EP0_OutStart  stm32f4xx_ll_usb.o
    0x0800d22c   0x0800d22c   0x00000058   Code   RO         1956    i.USB_EPClearStall  stm32f4xx_ll_usb.o
    0x0800d284   0x0800d284   0x00000058   Code   RO         1957    i.USB_EPSetStall    stm32f4xx_ll_usb.o
    0x0800d2dc   0x0800d2dc   0x000001e4   Code   RO         1958    i.USB_EPStartXfer   stm32f4xx_ll_usb.o
    0x0800d4c0   0x0800d4c0   0x0000009e   Code   RO         1959    i.USB_EPStopXfer    stm32f4xx_ll_usb.o
    0x0800d55e   0x0800d55e   0x0000000c   Code   RO         1960    i.USB_EnableGlobalInt  stm32f4xx_ll_usb.o
    0x0800d56a   0x0800d56a   0x00000002   PAD
    0x0800d56c   0x0800d56c   0x0000003c   Code   RO         1961    i.USB_FlushRxFifo   stm32f4xx_ll_usb.o
    0x0800d5a8   0x0800d5a8   0x00000040   Code   RO         1962    i.USB_FlushTxFifo   stm32f4xx_ll_usb.o
    0x0800d5e8   0x0800d5e8   0x0000001a   Code   RO         1964    i.USB_GetDevSpeed   stm32f4xx_ll_usb.o
    0x0800d602   0x0800d602   0x00000008   Code   RO         1966    i.USB_GetMode       stm32f4xx_ll_usb.o
    0x0800d60a   0x0800d60a   0x00000004   Code   RO         9253    i.USB_Init          robo_usb.o
    0x0800d60e   0x0800d60e   0x0000000e   Code   RO         1973    i.USB_ReadDevAllInEpInterrupt  stm32f4xx_ll_usb.o
    0x0800d61c   0x0800d61c   0x0000000e   Code   RO         1974    i.USB_ReadDevAllOutEpInterrupt  stm32f4xx_ll_usb.o
    0x0800d62a   0x0800d62a   0x00000024   Code   RO         1975    i.USB_ReadDevInEPInterrupt  stm32f4xx_ll_usb.o
    0x0800d64e   0x0800d64e   0x00000010   Code   RO         1976    i.USB_ReadDevOutEPInterrupt  stm32f4xx_ll_usb.o
    0x0800d65e   0x0800d65e   0x00000008   Code   RO         1977    i.USB_ReadInterrupts  stm32f4xx_ll_usb.o
    0x0800d666   0x0800d666   0x0000003e   Code   RO         1978    i.USB_ReadPacket    stm32f4xx_ll_usb.o
    0x0800d6a4   0x0800d6a4   0x0000005c   Code   RO         1980    i.USB_SetCurrentMode  stm32f4xx_ll_usb.o
    0x0800d700   0x0800d700   0x00000022   Code   RO         1981    i.USB_SetDevAddress  stm32f4xx_ll_usb.o
    0x0800d722   0x0800d722   0x00000002   PAD
    0x0800d724   0x0800d724   0x000000e8   Code   RO         1983    i.USB_SetTurnaroundTime  stm32f4xx_ll_usb.o
    0x0800d80c   0x0800d80c   0x00000002   Code   RO         9254    i.USB_Task          robo_usb.o
    0x0800d80e   0x0800d80e   0x00000002   PAD
    0x0800d810   0x0800d810   0x00000028   Code   RO         1986    i.USB_WritePacket   stm32f4xx_ll_usb.o
    0x0800d838   0x0800d838   0x00000002   Code   RO         1345    i.UsageFault_Handler  stm32f4xx_it.o
    0x0800d83a   0x0800d83a   0x00000040   Code   RO         8771    i.Zero_Crossing_Process  pid.o
    0x0800d87a   0x0800d87a   0x00000030   Code   RO         9625    i.__ARM_fpclassify  m_wm.l(fpclassify.o)
    0x0800d8aa   0x0800d8aa   0x00000026   Code   RO         9627    i.__ARM_fpclassifyf  m_wm.l(fpclassifyf.o)
    0x0800d8d0   0x0800d8d0   0x00000012   Code   RO         8426    i.__ARM_isinff      math_common.o
    0x0800d8e2   0x0800d8e2   0x00000012   Code   RO         9052    i.__ARM_isinff      mahony.o
    0x0800d8f4   0x0800d8f4   0x0000000c   Code   RO         8427    i.__ARM_isnanf      math_common.o
    0x0800d900   0x0800d900   0x0000000c   Code   RO         9053    i.__ARM_isnanf      mahony.o
    0x0800d90c   0x0800d90c   0x0000003e   Code   RO         7309    i.__CAN_Filter_Config  can_if.o
    0x0800d94a   0x0800d94a   0x00000020   Code   RO         3015    i.__NVIC_SetPriority  stm32f4xx_hal_cortex.o
    0x0800d96a   0x0800d96a   0x00000002   PAD
    0x0800d96c   0x0800d96c   0x0000012c   Code   RO         9484    i.__hardfp_asinf    m_wm.l(asinf.o)
    0x0800da98   0x0800da98   0x00000358   Code   RO         9496    i.__hardfp_exp      m_wm.l(exp.o)
    0x0800ddf0   0x0800ddf0   0x00000c50   Code   RO         9510    i.__hardfp_pow      m_wm.l(pow.o)
    0x0800ea40   0x0800ea40   0x0000007a   Code   RO         9524    i.__hardfp_sqrt     m_wm.l(sqrt.o)
    0x0800eaba   0x0800eaba   0x000000f8   Code   RO         9643    i.__kernel_poly     m_wm.l(poly.o)
    0x0800ebb2   0x0800ebb2   0x00000006   PAD
    0x0800ebb8   0x0800ebb8   0x00000030   Code   RO         9605    i.__mathlib_dbl_divzero  m_wm.l(dunder.o)
    0x0800ebe8   0x0800ebe8   0x00000014   Code   RO         9606    i.__mathlib_dbl_infnan  m_wm.l(dunder.o)
    0x0800ebfc   0x0800ebfc   0x00000014   Code   RO         9607    i.__mathlib_dbl_infnan2  m_wm.l(dunder.o)
    0x0800ec10   0x0800ec10   0x00000020   Code   RO         9608    i.__mathlib_dbl_invalid  m_wm.l(dunder.o)
    0x0800ec30   0x0800ec30   0x00000020   Code   RO         9609    i.__mathlib_dbl_overflow  m_wm.l(dunder.o)
    0x0800ec50   0x0800ec50   0x00000020   Code   RO         9611    i.__mathlib_dbl_underflow  m_wm.l(dunder.o)
    0x0800ec70   0x0800ec70   0x00000006   Code   RO         9630    i.__mathlib_flt_infnan  m_wm.l(funder.o)
    0x0800ec76   0x0800ec76   0x00000002   PAD
    0x0800ec78   0x0800ec78   0x00000010   Code   RO         9632    i.__mathlib_flt_invalid  m_wm.l(funder.o)
    0x0800ec88   0x0800ec88   0x00000010   Code   RO         9635    i.__mathlib_flt_underflow  m_wm.l(funder.o)
    0x0800ec98   0x0800ec98   0x00000002   Code   RO           15    i.assert_failed     main.o
    0x0800ec9a   0x0800ec9a   0x00000018   Code   RO         9621    i.fabs              m_wm.l(fabs.o)
    0x0800ecb2   0x0800ecb2   0x00000002   PAD
    0x0800ecb4   0x0800ecb4   0x0000017c   Code   RO           16    i.main              main.o
    0x0800ee30   0x0800ee30   0x00000094   Code   RO         8430    i.math_atan         math_common.o
    0x0800eec4   0x0800eec4   0x000000a8   Code   RO         8431    i.math_atan2        math_common.o
    0x0800ef6c   0x0800ef6c   0x00000074   Code   RO         8161    i.message_Data_Update  message.o
    0x0800efe0   0x0800efe0   0x0000002e   Code   RO         8162    i.message_Empty_Serach  message.o
    0x0800f00e   0x0800f00e   0x00000002   PAD
    0x0800f010   0x0800f010   0x00000068   Code   RO         8163    i.message_ID_Search  message.o
    0x0800f078   0x0800f078   0x000000a4   Code   RO         8165    i.message_List_Init  message.o
    0x0800f11c   0x0800f11c   0x00000118   Code   RO         8168    i.message_List_Update  message.o
    0x0800f234   0x0800f234   0x00000078   Code   RO         8169    i.message_Oldest_Serach  message.o
    0x0800f2ac   0x0800f2ac   0x00000124   Code   RO         8437    i.negative_log      math_common.o
    0x0800f3d0   0x0800f3d0   0x000000d0   Code   RO         8840    i.queue_reapply     queue.o
    0x0800f4a0   0x0800f4a0   0x0000006e   Code   RO         9526    i.sqrt              m_wm.l(sqrt.o)
    0x0800f50e   0x0800f50e   0x0000003e   Code   RO         9648    i.sqrtf             m_wm.l(sqrtf.o)
    0x0800f54c   0x0800f54c   0x00000018   Code   RO         9574    x$fpl$basic         fz_wm.l(basic.o)
    0x0800f564   0x0800f564   0x00000062   Code   RO         9470    x$fpl$d2f           fz_wm.l(d2f.o)
    0x0800f5c6   0x0800f5c6   0x00000002   PAD
    0x0800f5c8   0x0800f5c8   0x00000150   Code   RO         9576    x$fpl$dadd          fz_wm.l(daddsub_clz.o)
    0x0800f718   0x0800f718   0x00000010   Code   RO         9747    x$fpl$dcheck1       fz_wm.l(dcheck1.o)
    0x0800f728   0x0800f728   0x00000018   Code   RO         9749    x$fpl$dcmpinf       fz_wm.l(dcmpi.o)
    0x0800f740   0x0800f740   0x000002b0   Code   RO         9473    x$fpl$ddiv          fz_wm.l(ddiv.o)
    0x0800f9f0   0x0800f9f0   0x0000005e   Code   RO         9582    x$fpl$dfix          fz_wm.l(dfix.o)
    0x0800fa4e   0x0800fa4e   0x0000002e   Code   RO         9477    x$fpl$dflt          fz_wm.l(dflt_clz.o)
    0x0800fa7c   0x0800fa7c   0x00000078   Code   RO         9586    x$fpl$dleqf         fz_wm.l(dleqf.o)
    0x0800faf4   0x0800faf4   0x00000154   Code   RO         9588    x$fpl$dmul          fz_wm.l(dmul.o)
    0x0800fc48   0x0800fc48   0x0000009c   Code   RO         9590    x$fpl$dnaninf       fz_wm.l(dnaninf.o)
    0x0800fce4   0x0800fce4   0x0000000c   Code   RO         9592    x$fpl$dretinf       fz_wm.l(dretinf.o)
    0x0800fcf0   0x0800fcf0   0x0000006c   Code   RO         9594    x$fpl$drleqf        fz_wm.l(drleqf.o)
    0x0800fd5c   0x0800fd5c   0x00000016   Code   RO         9577    x$fpl$drsb          fz_wm.l(daddsub_clz.o)
    0x0800fd72   0x0800fd72   0x00000002   PAD
    0x0800fd74   0x0800fd74   0x00000198   Code   RO         9596    x$fpl$dsqrt         fz_wm.l(dsqrt_umaal.o)
    0x0800ff0c   0x0800ff0c   0x000001d4   Code   RO         9578    x$fpl$dsub          fz_wm.l(daddsub_clz.o)
    0x080100e0   0x080100e0   0x00000056   Code   RO         9482    x$fpl$f2d           fz_wm.l(f2d.o)
    0x08010136   0x08010136   0x0000008c   Code   RO         9598    x$fpl$fnaninf       fz_wm.l(fnaninf.o)
    0x080101c2   0x080101c2   0x0000000a   Code   RO         9779    x$fpl$fpinit        fz_wm.l(fpinit.o)
    0x080101cc   0x080101cc   0x0000000a   Code   RO         9600    x$fpl$fretinf       fz_wm.l(fretinf.o)
    0x080101d6   0x080101d6   0x00000064   Code   RO         9781    x$fpl$retnan        fz_wm.l(retnan.o)
    0x0801023a   0x0801023a   0x0000005c   Code   RO         9602    x$fpl$scalbn        fz_wm.l(scalbn.o)
    0x08010296   0x08010296   0x00000030   Code   RO         9822    x$fpl$trapveneer    fz_wm.l(trapv.o)
    0x080102c6   0x080102c6   0x00000000   Code   RO         9604    x$fpl$usenofp       fz_wm.l(usenofp.o)
    0x080102c6   0x080102c6   0x00000008   Data   RO         2732    .constdata          stm32f4xx_hal_dma.o
    0x080102ce   0x080102ce   0x00000010   Data   RO         6870    .constdata          system_stm32f4xx.o
    0x080102de   0x080102de   0x00000008   Data   RO         6871    .constdata          system_stm32f4xx.o
    0x080102e6   0x080102e6   0x00000008   Data   RO         9341    .constdata          dji_motor.o
    0x080102ee   0x080102ee   0x00000002   PAD
    0x080102f0   0x080102f0   0x00000058   Data   RO         9499    .constdata          m_wm.l(exp.o)
    0x08010348   0x08010348   0x00000088   Data   RO         9513    .constdata          m_wm.l(pow.o)
    0x080103d0   0x080103d0   0x00000008   Data   RO         9645    .constdata          m_wm.l(qnan.o)
    0x080103d8   0x080103d8   0x0000001c   Data   RO         7760    .conststring        motor.o
    0x080103f4   0x080103f4   0x00000025   Data   RO         8170    .conststring        message.o
    0x08010419   0x08010419   0x00000003   PAD
    0x0801041c   0x0801041c   0x00000020   Data   RO         9852    Region$$Table       anon$$obj.o


    Execution Region RW_IRAM1 (Exec base: 0x20000000, Load base: 0x0801043c, Size: 0x0000df58, Max: 0x0001c000, ABSOLUTE, COMPRESSED[0x000000ec])

    Exec Addr    Load Addr    Size         Type   Attr      Idx    E Section Name        Object

    0x20000000   COMPRESSED   0x00000004   Data   RW          441    .data               can.o
    0x20000004   COMPRESSED   0x00000008   Data   RW          488    .data               crc.o
    0x2000000c   COMPRESSED   0x0000001c   Data   RW         1175    .data               usbd_desc.o
    0x20000028   COMPRESSED   0x00000032   Data   RW         1176    .data               usbd_desc.o
    0x2000005a   COMPRESSED   0x00000002   PAD
    0x2000005c   COMPRESSED   0x00000014   Data   RW         1258    .data               usbd_cdc_if.o
    0x20000070   COMPRESSED   0x0000000c   Data   RW         3159    .data               stm32f4xx_hal.o
    0x2000007c   COMPRESSED   0x00000004   Data   RW         6872    .data               system_stm32f4xx.o
    0x20000080   COMPRESSED   0x00000001   Data   RW         7074    .data               usbd_ctlreq.o
    0x20000081   COMPRESSED   0x00000003   PAD
    0x20000084   COMPRESSED   0x00000053   Data   RW         7213    .data               usbd_cdc.o
    0x200000d7   COMPRESSED   0x00000001   PAD
    0x200000d8   COMPRESSED   0x00000038   Data   RW         7214    .data               usbd_cdc.o
    0x20000110   COMPRESSED   0x0000000c   Data   RW         7311    .data               can_if.o
    0x2000011c   COMPRESSED   0x00000004   Data   RW         7642    .data               button.o
    0x20000120   COMPRESSED   0x00000004   Data   RW         7693    .data               buzzer.o
    0x20000124   COMPRESSED   0x0000003c   Data   RW         7840    .data               bmi088driver.o
    0x20000160   COMPRESSED   0x00000004   Data   RW         8067    .data               event_os.o
    0x20000164   COMPRESSED   0x00000004   Data   RW         8347    .data               timer.o
    0x20000168   COMPRESSED   0x00000001   Data   RW         8401    .data               seml_common.o
    0x20000169   COMPRESSED   0x00000001   Data   RW         8439    .data               math_common.o
    0x2000016a   COMPRESSED   0x00000002   PAD
    0x2000016c   COMPRESSED   0x00000004   Data   RW         8989    .data               ahrs.o
    0x20000170   COMPRESSED   0x0000000c   Data   RW         9056    .data               mahony.o
    0x2000017c   COMPRESSED   0x00000006   Data   RW         9152    .data               robo_common.o
    0x20000182   COMPRESSED   0x00000002   Data   RW         9153    .data               robo_common.o
    0x20000184        -       0x00000218   Zero   RW           17    .bss                main.o
    0x2000039c        -       0x000000a8   Zero   RW          397    .bss                adc.o
    0x20000444        -       0x000000c8   Zero   RW          440    .bss                can.o
    0x2000050c        -       0x00000014   Zero   RW          530    .bss                dac.o
    0x20000520        -       0x00000168   Zero   RW          597    .bss                i2c.o
    0x20000688        -       0x00000010   Zero   RW          644    .bss                rng.o
    0x20000698        -       0x00000020   Zero   RW          686    .bss                rtc.o
    0x200006b8        -       0x00000230   Zero   RW          729    .bss                spi.o
    0x200008e8        -       0x000004ec   Zero   RW          783    .bss                tim.o
    0x20000dd4        -       0x0000033c   Zero   RW          862    .bss                usart.o
    0x20001110        -       0x000002dc   Zero   RW          912    .bss                usb_device.o
    0x200013ec        -       0x0000072c   Zero   RW          990    .bss                usbd_conf.o
    0x20001b18        -       0x00000200   Zero   RW         1174    .bss                usbd_desc.o
    0x20001d18        -       0x00001000   Zero   RW         1257    .bss                usbd_cdc_if.o
    0x20002d18        -       0x00000020   Zero   RW         2416    .bss                stm32f4xx_hal_flash.o
    0x20002d38        -       0x00000020   Zero   RW         8066    .bss                event_os.o
    0x20002d58        -       0x0000000c   Zero   RW         8988    .bss                ahrs.o
    0x20002d64        -       0x00000254   Zero   RW         9095    .bss                robo_gimbal.o
    0x20002fb8        -       0x00000f40   Zero   RW         9151    .bss                robo_common.o
    0x20003ef8        -       0x00000060   Zero   RW         9659    .bss                c_w.l(libspace.o)
    0x20003f58        -       0x00005000   Zero   RW            2    HEAP                startup_stm32f407xx.o
    0x20008f58        -       0x00005000   Zero   RW            1    STACK               startup_stm32f407xx.o


    Execution Region RW_IRAM2 (Exec base: 0x2001c000, Load base: 0x08010528, Size: 0x00000000, Max: 0x00004000, ABSOLUTE)

    **** No section assigned to this execution region ****


==============================================================================

Image component sizes


      Code (inc. data)   RO Data    RW Data    ZI Data      Debug   Object Name

       196         28          0          0        168       1667   adc.o
       766         42          0          4         12       4868   ahrs.o
      1164         14          0         60          0      12143   bmi088driver.o
       456         40          0          4          0       3628   button.o
       406         24          0          4          0       4824   buzzer.o
       396         46          0          4        200       2478   can.o
       338         44          0         12          0       4094   can_if.o
        76         18          0          8          0       1527   crc.o
       172         22          0          0         20       1675   dac.o
       190         62          8          0          0       4670   dji_motor.o
       236          4          0          0          0        898   dma.o
       922        190          0          4         32       8051   event_os.o
       380         20          0          0          0       1215   gpio.o
        36          0          0          0          0       2110   gpio_if.o
       528         62          0          0        360       2616   i2c.o
      1192         16          0         12          0       3923   mahony.o
       534         84          0          0        536     790694   main.o
      1698         94          0          1          0      14804   math_common.o
      1142        178         37          0          0      11029   message.o
        88         12         28          0          0       2939   motor.o
       604         80          0          0          0       5022   pid.o
       346        124          0          0          0       3761   pwm_if.o
       792        180          0          0          0       5098   queue.o
        76         18          0          0         16       1527   rng.o
         4          0          0          0          0        936   robo_aa.o
       428        118          0          8       3904       3490   robo_common.o
       796        218          0          0        596       5899   robo_gimbal.o
         6          0          0          0          0        942   robo_usb.o
       116         22          0          0         32       1559   rtc.o
         0          0          0          1          0        245   seml_common.o
       632         52          0          0        560       2810   spi.o
       228         80          0          0          0       2747   spi_if.o
        64         26        392          0      40960        852   startup_stm32f407xx.o
       180         28          0         12          0       9477   stm32f4xx_hal.o
      1388        214          0          0          0       3103   stm32f4xx_hal_adc.o
      2538        318          0          0          0      15227   stm32f4xx_hal_can.o
       460        196          0          0          0      34171   stm32f4xx_hal_cortex.o
       112         62          0          0          0       1075   stm32f4xx_hal_crc.o
       442        120          0          0          0       3297   stm32f4xx_hal_dac.o
         2          0          0          0          0        971   stm32f4xx_hal_dac_ex.o
      1464         80          8          0          0       6402   stm32f4xx_hal_dma.o
       312         18          0          0         32       2798   stm32f4xx_hal_flash.o
       304         72          0          0          0       1461   stm32f4xx_hal_flash_ex.o
       898        178          0          0          0       3572   stm32f4xx_hal_gpio.o
      3830        126          0          0          0      23073   stm32f4xx_hal_i2c.o
        64          4          0          0          0        874   stm32f4xx_hal_msp.o
      2724         74          0          0          0      13856   stm32f4xx_hal_pcd.o
        78          0          0          0          0       2441   stm32f4xx_hal_pcd_ex.o
      1956        194          0          0          0       5988   stm32f4xx_hal_rcc.o
       764        200          0          0          0       1444   stm32f4xx_hal_rcc_ex.o
       128         62          0          0          0       1107   stm32f4xx_hal_rng.o
       512         66          0          0          0       3663   stm32f4xx_hal_rtc.o
      2556        200          0          0          0      10911   stm32f4xx_hal_spi.o
      6266       1360          0          0          0      25920   stm32f4xx_hal_tim.o
       670        162          0          0          0       4056   stm32f4xx_hal_tim_ex.o
      1896        202          0          0          0      13275   stm32f4xx_hal_uart.o
       418        170          0          0          0      19478   stm32f4xx_it.o
      2888        134          0          0          0      24299   stm32f4xx_ll_usb.o
        16          4         24          4          0       1131   system_stm32f4xx.o
      1640        150          0          0       1260       7188   tim.o
       388        122          0          4          0       4430   timer.o
       800         80          0          0        828       3663   usart.o
        84         18          0          0        732       2615   usb_device.o
      1198         32          0        139          0      13759   usbd_cdc.o
        68         16          0         20       4096       2723   usbd_cdc_if.o
       644         24          0          0       1836      16260   usbd_conf.o
       916          0          0          0          0      15671   usbd_core.o
      1328         28          0          1          0      14992   usbd_ctlreq.o
       280         96          0         78        512       6001   usbd_desc.o
       132          0          0          0          0       4596   usbd_ioreq.o

    ----------------------------------------------------------------------
     55420       6728        534        388      56692    1239709   Object Totals
         0          0         32          0          0          0   (incl. Generated)
        68          0          5          8          0          0   (incl. Padding)

    ----------------------------------------------------------------------

      Code (inc. data)   RO Data    RW Data    ZI Data      Debug   Library Member Name

        90          0          0          0          0          0   __dczerorl2.o
         8          0          0          0          0         68   __main.o
         0          0          0          0          0          0   __rtentry.o
        12          0          0          0          0          0   __rtentry2.o
         6          0          0          0          0          0   __rtentry4.o
        52          8          0          0          0          0   __scatter.o
        28          0          0          0          0          0   __scatter_zi.o
        22          0          0          0          0        100   _rserrno.o
        40          0          0          0          0         80   calloc.o
        10          0          0          0          0         68   defsig_exit.o
        50          0          0          0          0         88   defsig_general.o
        80         58          0          0          0         76   defsig_rtmem_inner.o
        14          0          0          0          0         80   defsig_rtmem_outer.o
        18          0          0          0          0         80   exit.o
        94          0          0          0          0         80   h1_alloc.o
        52          0          0          0          0         68   h1_extend.o
        78          0          0          0          0         80   h1_free.o
        14          0          0          0          0         84   h1_init.o
       184          0          0          0          0         92   h1_realloc.o
         6          0          0          0          0        152   heapauxi.o
         4          0          0          0          0        136   hguard.o
         0          0          0          0          0          0   indicate_semi.o
       138          0          0          0          0        168   init_alloc.o
         2          0          0          0          0          0   libinit.o
        14          0          0          0          0          0   libinit2.o
         2          0          0          0          0          0   libshutdown.o
         2          0          0          0          0          0   libshutdown2.o
         8          4          0          0         96         68   libspace.o
       238          0          0          0          0        100   lludivv7m.o
         0          0          0          0          0          0   maybetermalloc1.o
         8          4          0          0          0         68   rt_errno_addr_intlibspace.o
         8          4          0          0          0         68   rt_heap_descriptor_intlibspace.o
        68          0          0          0          0         68   rt_memclr.o
        78          0          0          0          0         80   rt_memclr_w.o
       138          0          0          0          0         68   rt_memcpy_v6.o
       100          0          0          0          0         80   rt_memcpy_w.o
         2          0          0          0          0          0   rtexit.o
        10          0          0          0          0          0   rtexit2.o
        12          4          0          0          0         68   sys_exit.o
        74          0          0          0          0         80   sys_stackheap_outer.o
        14          0          0          0          0         76   sys_wrch.o
         2          0          0          0          0         68   use_no_semi.o
        24          0          0          0          0        164   basic.o
        98          4          0          0          0        140   d2f.o
       826         16          0          0          0        492   daddsub_clz.o
        16          4          0          0          0        116   dcheck1.o
        24          0          0          0          0        116   dcmpi.o
       688        140          0          0          0        256   ddiv.o
        94          4          0          0          0        140   dfix.o
        46          0          0          0          0        116   dflt_clz.o
       120          4          0          0          0        140   dleqf.o
       340         12          0          0          0        152   dmul.o
       156          4          0          0          0        140   dnaninf.o
        12          0          0          0          0        116   dretinf.o
       108          0          0          0          0        128   drleqf.o
       408         56          0          0          0        168   dsqrt_umaal.o
        86          4          0          0          0        132   f2d.o
       140          4          0          0          0        132   fnaninf.o
        10          0          0          0          0        116   fpinit.o
        10          0          0          0          0        116   fretinf.o
       100          0          0          0          0        116   retnan.o
        92          0          0          0          0        116   scalbn.o
        48          0          0          0          0        116   trapv.o
         0          0          0          0          0          0   usenofp.o
       300         42          0          0          0        176   asinf.o
       184         44          0          0          0        744   dunder.o
       856        142         88          0          0        288   exp.o
        24          0          0          0          0        124   fabs.o
        48          0          0          0          0        124   fpclassify.o
        38          0          0          0          0        116   fpclassifyf.o
        38         12          0          0          0        348   funder.o
       248          0          0          0          0        152   poly.o
      3152        296        136          0          0        352   pow.o
         0          0          8          0          0          0   qnan.o
       232          0          0          0          0        296   sqrt.o
        62          0          0          0          0        136   sqrtf.o

    ----------------------------------------------------------------------
     10434        870        232          0         96       8476   Library Totals
        26          0          0          0          0          0   (incl. Padding)

    ----------------------------------------------------------------------

      Code (inc. data)   RO Data    RW Data    ZI Data      Debug   Library Name

      1780         82          0          0         96       2392   c_w.l
      3446        252          0          0          0       3228   fz_wm.l
      5182        536        232          0          0       2856   m_wm.l

    ----------------------------------------------------------------------
     10434        870        232          0         96       8476   Library Totals

    ----------------------------------------------------------------------

==============================================================================


      Code (inc. data)   RO Data    RW Data    ZI Data      Debug   

     65854       7598        766        388      56788    1198285   Grand Totals
     65854       7598        766        236      56788    1198285   ELF Image Totals (compressed)
     65854       7598        766        236          0          0   ROM Totals

==============================================================================

    Total RO  Size (Code + RO Data)                66620 (  65.06kB)
    Total RW  Size (RW Data + ZI Data)             57176 (  55.84kB)
    Total ROM Size (Code + RO Data + RW Data)      66856 (  65.29kB)

==============================================================================

